Archive member included to satisfy reference by file (symbol)

/project/stm32f4x_iolib/stm32f4x_iolib_168MHz_8MHz.a(startup_stm32f4.o)
                              (Reset_Handler)
/project/stm32f4x_iolib/stm32f4x_iolib_168MHz_8MHz.a(system_stm32f4.o)
                              /project/stm32f4x_iolib/stm32f4x_iolib_168MHz_8MHz.a(startup_stm32f4.o) (SystemInit)
/project/stm32f4x_iolib/stm32f4x_iolib_168MHz_8MHz.a(misc.o)
                              FLASH_RUN/main.o (NVIC_PriorityGroupConfig)
/project/stm32f4x_iolib/stm32f4x_iolib_168MHz_8MHz.a(stm32f4xx_adc.o)
                              FLASH_RUN/adc.o (ADC_Init)
/project/stm32f4x_iolib/stm32f4x_iolib_168MHz_8MHz.a(stm32f4xx_dac.o)
                              FLASH_RUN/dac1.o (DAC_Init)
/project/stm32f4x_iolib/stm32f4x_iolib_168MHz_8MHz.a(stm32f4xx_dma.o)
                              FLASH_RUN/sdio_sdcard.o (DMA_DeInit)
/project/stm32f4x_iolib/stm32f4x_iolib_168MHz_8MHz.a(stm32f4xx_exti.o)
                              FLASH_RUN/rtc.o (EXTI_Init)
/project/stm32f4x_iolib/stm32f4x_iolib_168MHz_8MHz.a(stm32f4xx_flash.o)
                              FLASH_RUN/main.o (FLASH_Unlock)
/project/stm32f4x_iolib/stm32f4x_iolib_168MHz_8MHz.a(stm32f4xx_fsmc.o)
                              FLASH_RUN/lcd.o (FSMC_NORSRAMInit)
/project/stm32f4x_iolib/stm32f4x_iolib_168MHz_8MHz.a(stm32f4xx_gpio.o)
                              FLASH_RUN/ext_sram.o (GPIO_Init)
/project/stm32f4x_iolib/stm32f4x_iolib_168MHz_8MHz.a(stm32f4xx_i2c.o)
                              FLASH_RUN/i2c_app.o (I2C_DeInit)
/project/stm32f4x_iolib/stm32f4x_iolib_168MHz_8MHz.a(stm32f4xx_iwdg.o)
                              FLASH_RUN/main.o (IWDG_WriteAccessCmd)
/project/stm32f4x_iolib/stm32f4x_iolib_168MHz_8MHz.a(stm32f4xx_pwr.o)
                              FLASH_RUN/rtc.o (PWR_BackupAccessCmd)
/project/stm32f4x_iolib/stm32f4x_iolib_168MHz_8MHz.a(stm32f4xx_rcc.o)
                              FLASH_RUN/rtc.o (RCC_LSEConfig)
/project/stm32f4x_iolib/stm32f4x_iolib_168MHz_8MHz.a(stm32f4xx_rtc.o)
                              FLASH_RUN/rtc.o (RTC_Init)
/project/stm32f4x_iolib/stm32f4x_iolib_168MHz_8MHz.a(stm32f4xx_sdio.o)
                              FLASH_RUN/sdio_sdcard.o (SDIO_Init)
/project/stm32f4x_iolib/stm32f4x_iolib_168MHz_8MHz.a(stm32f4xx_spi.o)
                              FLASH_RUN/i2s.o (I2S_Init)
/project/stm32f4x_iolib/stm32f4x_iolib_168MHz_8MHz.a(stm32f4xx_tim.o)
                              FLASH_RUN/touch_pad.o (TIM_TimeBaseInit)
/project/stm32f4x_iolib/stm32f4x_iolib_168MHz_8MHz.a(stm32f4xx_usart.o)
                              FLASH_RUN/serial.o (USART_DeInit)
source/audio_codec/mp3/mp3.a(mp3dec.o)
                              FLASH_RUN/mp3play.o (MP3InitDecoder)
source/audio_codec/mp3/mp3.a(mp3tabs.o)
                              source/audio_codec/mp3/mp3.a(mp3dec.o) (xmp3_samplesPerFrameTab)
source/audio_codec/mp3/mp3.a(scalfact.o)
                              source/audio_codec/mp3/mp3.a(mp3dec.o) (xmp3_UnpackScaleFactors)
source/audio_codec/mp3/mp3.a(subband.o)
                              source/audio_codec/mp3/mp3.a(mp3dec.o) (xmp3_Subband)
source/audio_codec/mp3/mp3.a(trigtabs.o)
                              source/audio_codec/mp3/mp3.a(subband.o) (xmp3_polyCoef)
source/audio_codec/mp3/mp3.a(asmpoly_thumb2.o)
                              source/audio_codec/mp3/mp3.a(subband.o) (xmp3_PolyphaseStereo)
source/audio_codec/mp3/mp3.a(bitstream.o)
                              source/audio_codec/mp3/mp3.a(scalfact.o) (xmp3_SetBitstreamPointer)
source/audio_codec/mp3/mp3.a(buffers.o)
                              source/audio_codec/mp3/mp3.a(mp3dec.o) (xmp3_FreeBuffers)
source/audio_codec/mp3/mp3.a(dct32.o)
                              source/audio_codec/mp3/mp3.a(subband.o) (xmp3_FDCT32)
source/audio_codec/mp3/mp3.a(dequant.o)
                              source/audio_codec/mp3/mp3.a(mp3dec.o) (xmp3_Dequantize)
source/audio_codec/mp3/mp3.a(dqchan.o)
                              source/audio_codec/mp3/mp3.a(dequant.o) (xmp3_DequantChannel)
source/audio_codec/mp3/mp3.a(huffman.o)
                              source/audio_codec/mp3/mp3.a(mp3dec.o) (xmp3_DecodeHuffman)
source/audio_codec/mp3/mp3.a(hufftabs.o)
                              source/audio_codec/mp3/mp3.a(huffman.o) (xmp3_quadTabMaxBits)
source/audio_codec/mp3/mp3.a(imdct.o)
                              source/audio_codec/mp3/mp3.a(mp3dec.o) (xmp3_IMDCT)
source/audio_codec/mp3/mp3.a(stproc.o)
                              source/audio_codec/mp3/mp3.a(dequant.o) (xmp3_MidSideProc)
source/audio_codec/mp3/mp3.a(asmmisc.o)
                              source/audio_codec/mp3/mp3.a(dct32.o) (xmp3_MULSHIFT32)
source/audio_codec/flac/flac.a(flacdecoder.o)
                              FLASH_RUN/flacplay.o (flac_seek_frame)
source/audio_codec/flac/flac.a(tables.o)
                              source/audio_codec/flac/flac.a(flacdecoder.o) (ff_log2_tab)
source/audio_codec/flac/flac.a(bitstreamf.o)
[...]
Memory Configuration

Name             Origin             Length             Attributes
RAM              0x20000000         0x00020000         xrw
EXTSRAM          0x10000000         0x00010000         xrw
FLASH            0x08008000         0x000f8000         xr
FLASHB1          0x00000000         0x00000000         xr
EXTMEMB0         0x00000000         0x00000000         xr
EXTMEMB1         0x00000000         0x00000000         xr
EXTMEMB2         0x00000000         0x00000000         xr
EXTMEMB3         0x00000000         0x00000000         xr
*default*        0x00000000         0xffffffff

Linker script and memory map

LOAD FLASH_RUN/main.o
LOAD FLASH_RUN/serial.o
LOAD FLASH_RUN/i2c_app.o
LOAD FLASH_RUN/key.o
LOAD FLASH_RUN/lcd.o
LOAD FLASH_RUN/print.o
LOAD FLASH_RUN/random_disp.o
LOAD FLASH_RUN/touch_panel.o
LOAD FLASH_RUN/touch_pad.o
LOAD FLASH_RUN/ir_remocon.o
LOAD FLASH_RUN/adc.o
LOAD FLASH_RUN/dac1.o
LOAD FLASH_RUN/wm8978.o
LOAD FLASH_RUN/sdio_sdcard.o
LOAD FLASH_RUN/i2s.o
LOAD FLASH_RUN/ext_sram.o
LOAD FLASH_RUN/rtc.o
LOAD FLASH_RUN/ff.o
LOAD FLASH_RUN/diskio.o
LOAD FLASH_RUN/cc949.o
LOAD FLASH_RUN/audio.o
LOAD FLASH_RUN/mp3play.o
LOAD FLASH_RUN/wavplay.o
LOAD FLASH_RUN/flacplay.o
LOAD FLASH_RUN/apeplay.o
LOAD /project/stm32f4x_iolib/stm32f4x_iolib_168MHz_8MHz.a
LOAD source/audio_codec/mp3/mp3.a
LOAD source/audio_codec/flac/flac.a
LOAD source/audio_codec/ape/ape.a
LOAD c:/program files (x86)/gnu arm embedded toolchain/10 2021.10/bin/../lib/gcc/arm-none-eabi/10.3.1/../../../../arm-none-eabi/lib/thumb/v7e-m+fp/hard\libc.a
LOAD c:/program files (x86)/gnu arm embedded toolchain/10 2021.10/bin/../lib/gcc/arm-none-eabi/10.3.1/../../../../arm-none-eabi/lib/thumb/v7e-m+fp/hard\libm.a
LOAD c:/program files (x86)/gnu arm embedded toolchain/10 2021.10/bin/../lib/gcc/arm-none-eabi/10.3.1/../../../../arm-none-eabi/lib/thumb/v7e-m+fp/hard\libc.a
LOAD c:/program files (x86)/gnu arm embedded toolchain/10 2021.10/bin/../lib/gcc/arm-none-eabi/10.3.1/thumb/v7e-m+fp/hard\libgcc.a
LOAD c:/program files (x86)/gnu arm embedded toolchain/10 2021.10/bin/../lib/gcc/arm-none-eabi/10.3.1/../../../../arm-none-eabi/lib/thumb/v7e-m+fp/hard\libstdc++.a
START GROUP
LOAD c:/program files (x86)/gnu arm embedded toolchain/10 2021.10/bin/../lib/gcc/arm-none-eabi/10.3.1/thumb/v7e-m+fp/hard\libgcc.a
LOAD c:/program files (x86)/gnu arm embedded toolchain/10 2021.10/bin/../lib/gcc/arm-none-eabi/10.3.1/../../../../arm-none-eabi/lib/thumb/v7e-m+fp/hard\libg.a
LOAD c:/program files (x86)/gnu arm embedded toolchain/10 2021.10/bin/../lib/gcc/arm-none-eabi/10.3.1/../../../../arm-none-eabi/lib/thumb/v7e-m+fp/hard\libc.a
END GROUP
                0x20020000                _estack = (ORIGIN (RAM) + LENGTH (RAM))
                0x00000200                _Minimum_Stack_Size = 0x200
                0x00000001                ASSERT ((ORIGIN (FLASH) == ALIGN (ORIGIN (FLASH), 0x80)), Start of memory region flash not aligned for startup vector table)

.text           0x08008000    0x14fc0
                0x08008000                . = ALIGN (0x80)
                0x00008000                _isr_vectorsflash_offs = (. - 0x8000000)
 *(.isr_vectorsflash)
 .isr_vectorsflash
                0x08008000      0x188 /project/stm32f4x_iolib/stm32f4x_iolib_168MHz_8MHz.a(startup_stm32f4.o)
                0x08008000                g_pfnVectors
                0x08008188                . = ALIGN (0x4)
 CREATE_OBJECT_SYMBOLS
 *(.text .text.* .gnu.linkonce.t.*)
 .text.wait_ms  0x08008188       0x2c FLASH_RUN/main.o
                0x08008188                wait_ms
 .text.Periph_Configuration
                0x080081b4       0x38 FLASH_RUN/main.o
                0x080081b4                Periph_Configuration
 .text.GPIO_Configuration
                0x080081ec       0xe8 FLASH_RUN/main.o
                0x080081ec                GPIO_Configuration
 .text.NVIC_Configuration
                0x080082d4       0x10 FLASH_RUN/main.o
                0x080082d4                NVIC_Configuration
 .text.watch_dog_init
                0x080082e4       0x24 FLASH_RUN/main.o
                0x080082e4                watch_dog_init
 .text.tick_process
                0x08008308      0x424 FLASH_RUN/main.o
                0x08008308                tick_process
 .text.startup.main
                0x0800872c      0x1cc FLASH_RUN/main.o
                0x0800872c                main
 .text.__NVIC_SystemReset
                0x080088f8       0x24 FLASH_RUN/serial.o
 .text.USART1_IRQHandler
                0x0800891c       0xf4 FLASH_RUN/serial.o
                0x0800891c                USART1_IRQHandler
 .text.USART2_IRQHandler
                0x08008a10      0x100 FLASH_RUN/serial.o
                0x08008a10                USART2_IRQHandler
 .text.USART3_IRQHandler
                0x08008b10       0xf4 FLASH_RUN/serial.o
                0x08008b10                USART3_IRQHandler
 .text.receive_check1
                0x08008c04       0x7c FLASH_RUN/serial.o
                0x08008c04                receive_check1
 .text.receive_check2
                0x08008c80       0x7c FLASH_RUN/serial.o
                0x08008c80                receive_check2
 .text.receive_check3
                0x08008cfc       0x7c FLASH_RUN/serial.o
                0x08008cfc                receive_check3
 .text.serial_check
                0x08008d78       0x68 FLASH_RUN/serial.o
                0x08008d78                serial_check
 .text.serial_init
                0x08008de0      0x2a4 FLASH_RUN/serial.o
                0x08008de0                serial_init
 .text.I2C_LowLevel_Init
                0x08009084      0x114 FLASH_RUN/i2c_app.o
                0x08009084                I2C_LowLevel_Init
 .text.init_i2c_24xx
                0x08009198       0x30 FLASH_RUN/i2c_app.o
                0x08009198                init_i2c_24xx
 .text.i2c_write
                0x080091c8      0x134 FLASH_RUN/i2c_app.o
                0x080091c8                i2c_write
 .text.u8_write
                0x080092fc       0x40 FLASH_RUN/i2c_app.o
                0x080092fc                u8_write
 .text.eeprom_write
                0x0800933c        0xa FLASH_RUN/i2c_app.o
                0x0800933c                eeprom_write
 *fill*         0x08009346        0x2 
 .text.i2c_read
                0x08009348      0x1dc FLASH_RUN/i2c_app.o
                0x08009348                i2c_read
 .text.u8_read  0x08009524       0x30 FLASH_RUN/i2c_app.o
                0x08009524                u8_read
 .text.eeprom_read
                0x08009554        0x8 FLASH_RUN/i2c_app.o
                0x08009554                eeprom_read
 .text.beep_check
                0x0800955c       0x50 FLASH_RUN/key.o
                0x0800955c                beep_check
 .text.key_read
                0x080095ac      0x104 FLASH_RUN/key.o
                0x080095ac                key_read
 .text.key_init
                0x080096b0       0x80 FLASH_RUN/key.o
                0x080096b0                key_init
 .text.delay_us
                0x08009730       0x3c FLASH_RUN/lcd.o
                0x08009730                delay_us
 .text.LCD_WR_REG
                0x0800976c       0x22 FLASH_RUN/lcd.o
                0x0800976c                LCD_WR_REG
 .text.LCD_WR_DATA
                0x0800978e       0x22 FLASH_RUN/lcd.o
                0x0800978e                LCD_WR_DATA
 .text.LCD_RD_DATA
                0x080097b0       0x1a FLASH_RUN/lcd.o
                0x080097b0                LCD_RD_DATA
 .text.LCD_ReadReg
                0x080097ca       0x14 FLASH_RUN/lcd.o
                0x080097ca                LCD_ReadReg
 *fill*         0x080097de        0x2 
 .text.LCD_WriteRAM_Prepare
                0x080097e0       0x14 FLASH_RUN/lcd.o
                0x080097e0                LCD_WriteRAM_Prepare
 .text.LCD_SetCursor
                0x080097f4       0x34 FLASH_RUN/lcd.o
                0x080097f4                LCD_SetCursor
 .text.LCD_Scan_Dir
                0x08009828       0xc4 FLASH_RUN/lcd.o
                0x08009828                LCD_Scan_Dir
 .text.LCD_DrawPoint
                0x080098ec       0x34 FLASH_RUN/lcd.o
                0x080098ec                LCD_DrawPoint
 .text.LCD_Fast_DrawPoint
                0x08009920       0x58 FLASH_RUN/lcd.o
                0x08009920                LCD_Fast_DrawPoint
 .text.LCD_Display_Dir
                0x08009978       0x90 FLASH_RUN/lcd.o
                0x08009978                LCD_Display_Dir
 .text.LCD_Clear
                0x08009a08       0x30 FLASH_RUN/lcd.o
                0x08009a08                LCD_Clear
 .text.LCD_Fill
                0x08009a38       0x40 FLASH_RUN/lcd.o
                0x08009a38                LCD_Fill
 .text.LCD_DrawLine
                0x08009a78       0x94 FLASH_RUN/lcd.o
                0x08009a78                LCD_DrawLine
 .text.LCD_DrawRectangle
                0x08009b0c       0x3a FLASH_RUN/lcd.o
                0x08009b0c                LCD_DrawRectangle
 .text.LCD_Draw_Circle
                0x08009b46       0xc2 FLASH_RUN/lcd.o
                0x08009b46                LCD_Draw_Circle
 .text.set_color
                0x08009c08        0xc FLASH_RUN/lcd.o
                0x08009c08                set_color
 .text.set_background_color
                0x08009c14        0xc FLASH_RUN/lcd.o
                0x08009c14                set_background_color
 .text.set_pixel
                0x08009c20       0x14 FLASH_RUN/lcd.o
                0x08009c20                set_pixel
 .text.out_lcd  0x08009c34       0x4c FLASH_RUN/lcd.o
                0x08009c34                out_lcd
 .text.uni_to_kssm
                0x08009c80       0x62 FLASH_RUN/lcd.o
                0x08009c80                uni_to_kssm
 *fill*         0x08009ce2        0x2 
 .text.ks5601_to_kssm
                0x08009ce4       0x3c FLASH_RUN/lcd.o
                0x08009ce4                ks5601_to_kssm
 .text.put_eng  0x08009d20       0xfc FLASH_RUN/lcd.o
                0x08009d20                put_eng
 .text.put_han  0x08009e1c      0x2ac FLASH_RUN/lcd.o
                0x08009e1c                put_han
 .text.lput_char
                0x0800a0c8       0x38 FLASH_RUN/lcd.o
                0x0800a0c8                lput_char
 .text.lcd_printf
                0x0800a100       0x3c FLASH_RUN/lcd.o
                0x0800a100                lcd_printf
 .text.ili_9481_rotation
                0x0800a13c       0x2e FLASH_RUN/lcd.o
                0x0800a13c                ili_9481_rotation
 *fill*         0x0800a16a        0x2 
 .text.LCD_Init
                0x0800a16c     0x145c FLASH_RUN/lcd.o
                0x0800a16c                LCD_Init
 .text._sputc   0x0800b5c8        0xc FLASH_RUN/print.o
                0x0800b5c8                _sputc
 .text._serror  0x0800b5d4        0x4 FLASH_RUN/print.o
                0x0800b5d4                _serror
 .text.__vfprintf
                0x0800b5d8      0x7b0 FLASH_RUN/print.o
                0x0800b5d8                __vfprintf
 .text.vsprintf
                0x0800bd88       0x2c FLASH_RUN/print.o
                0x0800bd88                vsprintf
 .text.random_display
                0x0800bdb4       0xd8 FLASH_RUN/random_disp.o
                0x0800bdb4                random_display
 .text.TP_Adj_Info_Show
                0x0800be8c       0x9c FLASH_RUN/touch_panel.o
                0x0800be8c                TP_Adj_Info_Show
 .text.TP_Save_Adjdata
                0x0800bf28       0xc8 FLASH_RUN/touch_panel.o
                0x0800bf28                TP_Save_Adjdata
 .text.TP_Get_Adjdata
                0x0800bff0       0xf4 FLASH_RUN/touch_panel.o
                0x0800bff0                TP_Get_Adjdata
 .text.TP_Write_Byte
                0x0800c0e4       0x48 FLASH_RUN/touch_panel.o
                0x0800c0e4                TP_Write_Byte
 .text.TP_Read_AD
                0x0800c12c       0x80 FLASH_RUN/touch_panel.o
                0x0800c12c                TP_Read_AD
 .text.TP_Read_XOY
                0x0800c1ac       0x64 FLASH_RUN/touch_panel.o
                0x0800c1ac                TP_Read_XOY
 .text.TP_Read_XY
                0x0800c210       0x28 FLASH_RUN/touch_panel.o
                0x0800c210                TP_Read_XY
 .text.TP_Read_XY2
                0x0800c238       0x76 FLASH_RUN/touch_panel.o
                0x0800c238                TP_Read_XY2
 *fill*         0x0800c2ae        0x2 
 .text.TP_Scan  0x0800c2b0       0xc0 FLASH_RUN/touch_panel.o
                0x0800c2b0                TP_Scan
 .text.TP_Drow_Touch_Point
                0x0800c370       0x7e FLASH_RUN/touch_panel.o
                0x0800c370                TP_Drow_Touch_Point
 *fill*         0x0800c3ee        0x2 
 .text.TP_Adjust
                0x0800c3f0      0x58c FLASH_RUN/touch_panel.o
                0x0800c3f0                TP_Adjust
 .text.TP_Init  0x0800c97c       0xa4 FLASH_RUN/touch_panel.o
                0x0800c97c                TP_Init
 .text.ir_remocon_init
                0x0800ca20       0xcc FLASH_RUN/ir_remocon.o
                0x0800ca20                ir_remocon_init
 .text.TIM1_UP_TIM10_IRQHandler
                0x0800caec       0x4c FLASH_RUN/ir_remocon.o
                0x0800caec                TIM1_UP_TIM10_IRQHandler
 .text.TIM1_CC_IRQHandler
                0x0800cb38       0xd8 FLASH_RUN/ir_remocon.o
                0x0800cb38                TIM1_CC_IRQHandler
 .text.remocon_scan
                0x0800cc10       0x54 FLASH_RUN/ir_remocon.o
                0x0800cc10                remocon_scan
 .text.ir_process
                0x0800cc64      0x244 FLASH_RUN/ir_remocon.o
                0x0800cc64                ir_process
 .text.cal_temperature
                0x0800cea8       0x68 FLASH_RUN/adc.o
                0x0800cea8                cal_temperature
 .text.ADC_Config
                0x0800cf10       0xcc FLASH_RUN/adc.o
                0x0800cf10                ADC_Config
 .text.adc_process
                0x0800cfdc       0xc8 FLASH_RUN/adc.o
                0x0800cfdc                adc_process
 *fill*         0x0800d0a4        0x4 
 .text.Dac1_Set_Voltage
                0x0800d0a8       0x68 FLASH_RUN/dac1.o
                0x0800d0a8                Dac1_Set_Voltage
 .text.Dac1_Init
                0x0800d110       0x4c FLASH_RUN/dac1.o
                0x0800d110                Dac1_Init
 .text.wm8978_read_para
                0x0800d15c       0x76 FLASH_RUN/wm8978.o
                0x0800d15c                wm8978_read_para
 .text.wm8978_save_para
                0x0800d1d2       0x78 FLASH_RUN/wm8978.o
                0x0800d1d2                wm8978_save_para
 *fill*         0x0800d24a        0x2 
 .text.WM8978_Write_Reg
                0x0800d24c       0x40 FLASH_RUN/wm8978.o
                0x0800d24c                WM8978_Write_Reg
 .text.WM8978_LINEIN_Gain
                0x0800d28c       0x38 FLASH_RUN/wm8978.o
                0x0800d28c                WM8978_LINEIN_Gain
 .text.WM8978_AUX_Gain
                0x0800d2c4       0x34 FLASH_RUN/wm8978.o
                0x0800d2c4                WM8978_AUX_Gain
 .text.WM8978_ADDA_Cfg
                0x0800d2f8       0x3c FLASH_RUN/wm8978.o
                0x0800d2f8                WM8978_ADDA_Cfg
 .text.WM8978_Input_Cfg
                0x0800d334       0x58 FLASH_RUN/wm8978.o
                0x0800d334                WM8978_Input_Cfg
 .text.WM8978_Output_Cfg
                0x0800d38c       0x22 FLASH_RUN/wm8978.o
                0x0800d38c                WM8978_Output_Cfg
 .text.WM8978_I2S_Cfg
                0x0800d3ae       0x14 FLASH_RUN/wm8978.o
                0x0800d3ae                WM8978_I2S_Cfg
 .text.WM8978_HPvol_Set
                0x0800d3c2       0x28 FLASH_RUN/wm8978.o
                0x0800d3c2                WM8978_HPvol_Set
 .text.WM8978_SPKvol_Set
                0x0800d3ea       0x20 FLASH_RUN/wm8978.o
                0x0800d3ea                WM8978_SPKvol_Set
 .text.WM8978_3D_Set
                0x0800d40a        0xa FLASH_RUN/wm8978.o
                0x0800d40a                WM8978_3D_Set
 .text.WM8978_EQ1_Set
                0x0800d414       0x28 FLASH_RUN/wm8978.o
                0x0800d414                WM8978_EQ1_Set
 .text.WM8978_EQ2_Set
                0x0800d43c       0x1a FLASH_RUN/wm8978.o
                0x0800d43c                WM8978_EQ2_Set
 .text.WM8978_EQ3_Set
                0x0800d456       0x1a FLASH_RUN/wm8978.o
                0x0800d456                WM8978_EQ3_Set
 .text.WM8978_EQ4_Set
                0x0800d470       0x1a FLASH_RUN/wm8978.o
                0x0800d470                WM8978_EQ4_Set
 .text.WM8978_EQ5_Set
                0x0800d48a       0x1a FLASH_RUN/wm8978.o
                0x0800d48a                WM8978_EQ5_Set
 .text.WM8978_Init
                0x0800d4a4       0xf0 FLASH_RUN/wm8978.o
                0x0800d4a4                WM8978_Init
 .text.CmdError
                0x0800d594       0x28 FLASH_RUN/sdio_sdcard.o
                0x0800d594                CmdError
 .text.CmdResp1Error
                0x0800d5bc       0x50 FLASH_RUN/sdio_sdcard.o
                0x0800d5bc                CmdResp1Error
 .text.CmdResp2Error
                0x0800d60c       0x4c FLASH_RUN/sdio_sdcard.o
                0x0800d60c                CmdResp2Error
 .text.CmdResp3Error
                0x0800d658       0x30 FLASH_RUN/sdio_sdcard.o
                0x0800d658                CmdResp3Error
 .text.CmdResp6Error
                0x0800d688       0x74 FLASH_RUN/sdio_sdcard.o
                0x0800d688                CmdResp6Error
 .text.CmdResp7Error
                0x0800d6fc       0x40 FLASH_RUN/sdio_sdcard.o
                0x0800d6fc                CmdResp7Error
 .text.convert_from_bytes_to_power_of_two
                0x0800d73c       0x14 FLASH_RUN/sdio_sdcard.o
                0x0800d73c                convert_from_bytes_to_power_of_two
 .text.FindSCR  0x0800d750      0x148 FLASH_RUN/sdio_sdcard.o
                0x0800d750                FindSCR
 .text.IsCardProgramming
                0x0800d898       0x90 FLASH_RUN/sdio_sdcard.o
                0x0800d898                IsCardProgramming
 .text.SDEnWideBus
                0x0800d928       0x84 FLASH_RUN/sdio_sdcard.o
                0x0800d928                SDEnWideBus
 .text.SDIO_Register_Deinit
                0x0800d9ac       0x24 FLASH_RUN/sdio_sdcard.o
                0x0800d9ac                SDIO_Register_Deinit
 .text.SDIO_Clock_Set
                0x0800d9d0       0x14 FLASH_RUN/sdio_sdcard.o
                0x0800d9d0                SDIO_Clock_Set
 .text.SD_PowerON
                0x0800d9e4      0x188 FLASH_RUN/sdio_sdcard.o
                0x0800d9e4                SD_PowerON
 .text.SD_InitializeCards
                0x0800db6c      0x118 FLASH_RUN/sdio_sdcard.o
                0x0800db6c                SD_InitializeCards
 .text.SD_GetCardInfo
                0x0800dc84      0x200 FLASH_RUN/sdio_sdcard.o
                0x0800dc84                SD_GetCardInfo
 .text.SD_SelectDeselect
                0x0800de84       0x2c FLASH_RUN/sdio_sdcard.o
                0x0800de84                SD_SelectDeselect
 .text.SD_EnableWideBusOperation
                0x0800deb0       0x44 FLASH_RUN/sdio_sdcard.o
                0x0800deb0                SD_EnableWideBusOperation
 .text.SD_Init  0x0800def4      0x140 FLASH_RUN/sdio_sdcard.o
                0x0800def4                SD_Init
 .text.SD_DMA_Config
                0x0800e034       0x80 FLASH_RUN/sdio_sdcard.o
                0x0800e034                SD_DMA_Config
 .text.SD_ReadBlock
                0x0800e0b4      0x228 FLASH_RUN/sdio_sdcard.o
                0x0800e0b4                SD_ReadBlock
 .text.SD_ReadMultiBlocks
                0x0800e2dc      0x288 FLASH_RUN/sdio_sdcard.o
                0x0800e2dc                SD_ReadMultiBlocks
 .text.SD_WriteBlock
                0x0800e564      0x2f8 FLASH_RUN/sdio_sdcard.o
                0x0800e564                SD_WriteBlock
 .text.SD_WriteMultiBlocks
                0x0800e85c      0x334 FLASH_RUN/sdio_sdcard.o
                0x0800e85c                SD_WriteMultiBlocks
 .text.SD_ProcessIRQSrc
                0x0800eb90      0x120 FLASH_RUN/sdio_sdcard.o
                0x0800eb90                SD_ProcessIRQSrc
 .text.SDIO_IRQHandler
                0x0800ecb0        0x4 FLASH_RUN/sdio_sdcard.o
                0x0800ecb0                SDIO_IRQHandler
 .text.SD_ReadDisk
                0x0800ecb4       0x78 FLASH_RUN/sdio_sdcard.o
                0x0800ecb4                SD_ReadDisk
 .text.SD_WriteDisk
                0x0800ed2c       0x74 FLASH_RUN/sdio_sdcard.o
                0x0800ed2c                SD_WriteDisk
 .text.I2S2_Init
                0x0800eda0       0x68 FLASH_RUN/i2s.o
                0x0800eda0                I2S2_Init
 .text.I2S2_SampleRate_Set
                0x0800ee08       0x74 FLASH_RUN/i2s.o
                0x0800ee08                I2S2_SampleRate_Set
 .text.I2S2_TX_DMA_Init
                0x0800ee7c       0xb4 FLASH_RUN/i2s.o
                0x0800ee7c                I2S2_TX_DMA_Init
 .text.DMA1_Stream4_IRQHandler
                0x0800ef30       0x30 FLASH_RUN/i2s.o
                0x0800ef30                DMA1_Stream4_IRQHandler
 .text.DMA1_Stream3_IRQHandler
                0x0800ef60       0x30 FLASH_RUN/i2s.o
                0x0800ef60                DMA1_Stream3_IRQHandler
 .text.I2S_Play_Start
                0x0800ef90        0xc FLASH_RUN/i2s.o
                0x0800ef90                I2S_Play_Start
 .text.I2S_Play_Stop
                0x0800ef9c        0xc FLASH_RUN/i2s.o
                0x0800ef9c                I2S_Play_Stop
 .text.FSMC_SRAM_Init
                0x0800efa8      0x268 FLASH_RUN/ext_sram.o
                0x0800efa8                FSMC_SRAM_Init
 .text.RTC_Set_Time
                0x0800f210       0x20 FLASH_RUN/rtc.o
                0x0800f210                RTC_Set_Time
 .text.RTC_Set_Date
                0x0800f230       0x20 FLASH_RUN/rtc.o
                0x0800f230                RTC_Set_Date
 .text.rtc_init
                0x0800f250       0x8c FLASH_RUN/rtc.o
                0x0800f250                rtc_init
 .text.RTC_Alarm_IRQHandler
                0x0800f2dc       0x2c FLASH_RUN/rtc.o
                0x0800f2dc                RTC_Alarm_IRQHandler
 .text.RTC_WKUP_IRQHandler
                0x0800f308       0x2c FLASH_RUN/rtc.o
                0x0800f308                RTC_WKUP_IRQHandler
 .text.mem_cpy  0x0800f334       0x14 FLASH_RUN/ff.o
 .text.mem_set  0x0800f348        0xe FLASH_RUN/ff.o
 *fill*         0x0800f356        0x2 
 .text.chk_lock
                0x0800f358       0x80 FLASH_RUN/ff.o
 .text.inc_lock
                0x0800f3d8       0x98 FLASH_RUN/ff.o
 .text.dec_lock
                0x0800f470       0x40 FLASH_RUN/ff.o
 .text.clear_lock
                0x0800f4b0       0x1c FLASH_RUN/ff.o
 .text.clmt_clust
                0x0800f4cc       0x28 FLASH_RUN/ff.o
 .text.sum_sfn  0x0800f4f4       0x1e FLASH_RUN/ff.o
 .text.get_ldnumber
                0x0800f512       0x3a FLASH_RUN/ff.o
 .text.validate
                0x0800f54c       0x2e FLASH_RUN/ff.o
 .text.get_fileinfo
                0x0800f57a       0xce FLASH_RUN/ff.o
 .text.sync_window.part.0
                0x0800f648       0x54 FLASH_RUN/ff.o
 .text.sync_window
                0x0800f69c        0xe FLASH_RUN/ff.o
 .text.move_window
                0x0800f6aa       0x36 FLASH_RUN/ff.o
 .text.check_fs
                0x0800f6e0       0x50 FLASH_RUN/ff.o
 .text.find_volume
                0x0800f730      0x238 FLASH_RUN/ff.o
 .text.sync_fs  0x0800f968       0x84 FLASH_RUN/ff.o
 .text.ld_clust.isra.0
                0x0800f9ec       0x10 FLASH_RUN/ff.o
 .text.clust2sect
                0x0800f9fc       0x1c FLASH_RUN/ff.o
                0x0800f9fc                clust2sect
 .text.get_fat  0x0800fa18       0xc2 FLASH_RUN/ff.o
                0x0800fa18                get_fat
 .text.dir_sdi  0x0800fada       0x9c FLASH_RUN/ff.o
 .text.put_fat  0x0800fb76       0xf4 FLASH_RUN/ff.o
                0x0800fb76                put_fat
 .text.create_chain
                0x0800fc6a       0xb2 FLASH_RUN/ff.o
 .text.dir_next
                0x0800fd1c      0x116 FLASH_RUN/ff.o
 *fill*         0x0800fe32        0x2 
 .text.dir_find
                0x0800fe34      0x148 FLASH_RUN/ff.o
 .text.follow_path
                0x0800ff7c      0x2a4 FLASH_RUN/ff.o
 .text.dir_register
                0x08010220      0x28c FLASH_RUN/ff.o
 .text.dir_read.constprop.0
                0x080104ac      0x108 FLASH_RUN/ff.o
 .text.remove_chain
                0x080105b4       0x68 FLASH_RUN/ff.o
 .text.f_mount  0x0801061c       0x58 FLASH_RUN/ff.o
                0x0801061c                f_mount
 .text.f_open   0x08010674      0x1c0 FLASH_RUN/ff.o
                0x08010674                f_open
 .text.f_read   0x08010834      0x18e FLASH_RUN/ff.o
                0x08010834                f_read
 .text.f_sync   0x080109c2       0xc2 FLASH_RUN/ff.o
                0x080109c2                f_sync
 .text.f_close  0x08010a84       0x22 FLASH_RUN/ff.o
                0x08010a84                f_close
 .text.f_lseek  0x08010aa6      0x290 FLASH_RUN/ff.o
                0x08010aa6                f_lseek
 .text.f_opendir
                0x08010d36       0xb6 FLASH_RUN/ff.o
                0x08010d36                f_opendir
 .text.f_readdir
                0x08010dec       0x7c FLASH_RUN/ff.o
                0x08010dec                f_readdir
 .text.disk_initialize
                0x08010e68       0x1c FLASH_RUN/diskio.o
                0x08010e68                disk_initialize
 .text.disk_status
                0x08010e84        0xc FLASH_RUN/diskio.o
                0x08010e84                disk_status
 .text.disk_read
                0x08010e90       0x48 FLASH_RUN/diskio.o
                0x08010e90                disk_read
 .text.disk_write
                0x08010ed8       0x48 FLASH_RUN/diskio.o
                0x08010ed8                disk_write
 .text.disk_ioctl
                0x08010f20       0x60 FLASH_RUN/diskio.o
                0x08010f20                disk_ioctl
 .text.get_fattime
                0x08010f80       0x46 FLASH_RUN/diskio.o
                0x08010f80                get_fattime
 .text.ff_memalloc
                0x08010fc6        0x4 FLASH_RUN/diskio.o
                0x08010fc6                ff_memalloc
 .text.ff_memfree
                0x08010fca        0x4 FLASH_RUN/diskio.o
                0x08010fca                ff_memfree
 *fill*         0x08010fce        0x2 
 .text.ff_convert
                0x08010fd0       0x48 FLASH_RUN/cc949.o
                0x08010fd0                ff_convert
 .text.ff_wtoupper
                0x08011018       0x24 FLASH_RUN/cc949.o
                0x08011018                ff_wtoupper
 .text._kill    0x0801103c       0x10 FLASH_RUN/audio.o
                0x0801103c                _kill
 .text._exit    0x0801104c       0x14 FLASH_RUN/audio.o
                0x0801104c                _exit
 .text._getpid  0x08011060        0x4 FLASH_RUN/audio.o
                0x08011060                _getpid
 .text._sbrk    0x08011064       0x38 FLASH_RUN/audio.o
                0x08011064                _sbrk
 .text.audio_file_list
                0x0801109c       0x94 FLASH_RUN/audio.o
                0x0801109c                audio_file_list
 .text.find_music
                0x08011130       0xec FLASH_RUN/audio.o
                0x08011130                find_music
 .text.wm8978_volset
                0x0801121c       0x28 FLASH_RUN/audio.o
                0x0801121c                wm8978_volset
 .text.wm8978_eqset
                0x08011244       0x38 FLASH_RUN/audio.o
                0x08011244                wm8978_eqset
 .text.audio_start
                0x0801127c       0x1c FLASH_RUN/audio.o
                0x0801127c                audio_start
 .text.audio_stop
                0x08011298       0x1c FLASH_RUN/audio.o
                0x08011298                audio_stop
 .text.audio_init
                0x080112b4      0x164 FLASH_RUN/audio.o
                0x080112b4                audio_init
 .text.music_start
                0x08011418      0x1f4 FLASH_RUN/audio.o
                0x08011418                music_start
 .text.audio_process
                0x0801160c      0x304 FLASH_RUN/audio.o
                0x0801160c                audio_process
 .text.mp3_i2s_dma_tx_callback
                0x08011910       0x5c FLASH_RUN/mp3play.o
                0x08011910                mp3_i2s_dma_tx_callback
 .text.mp3_file_seek
                0x0801196c       0x24 FLASH_RUN/mp3play.o
                0x0801196c                mp3_file_seek
 .text.mp3_fill_buffer
                0x08011990       0x8c FLASH_RUN/mp3play.o
                0x08011990                mp3_fill_buffer
 .text.mp3_id3v1_decode
                0x08011a1c       0x40 FLASH_RUN/mp3play.o
                0x08011a1c                mp3_id3v1_decode
 .text.mp3_id3v2_decode
                0x08011a5c      0x100 FLASH_RUN/mp3play.o
                0x08011a5c                mp3_id3v2_decode
 .text.mp3_get_info
                0x08011b5c      0x1a8 FLASH_RUN/mp3play.o
                0x08011b5c                mp3_get_info
 .text.mp3_get_curtime
                0x08011d04       0x24 FLASH_RUN/mp3play.o
                0x08011d04                mp3_get_curtime
 .text.mp3_stop
                0x08011d28       0x8c FLASH_RUN/mp3play.o
                0x08011d28                mp3_stop
 .text.mp3_play_song
                0x08011db4      0x368 FLASH_RUN/mp3play.o
                0x08011db4                mp3_play_song
 .text.mp3_play
                0x0801211c      0x238 FLASH_RUN/mp3play.o
                0x0801211c                mp3_play
 .text.wav_i2s_dma_tx_callback
                0x08012354       0x5c FLASH_RUN/wavplay.o
                0x08012354                wav_i2s_dma_tx_callback
 .text.wav_file_seek
                0x080123b0       0x4c FLASH_RUN/wavplay.o
                0x080123b0                wav_file_seek
 .text.wav_decode_init
                0x080123fc      0x18c FLASH_RUN/wavplay.o
                0x080123fc                wav_decode_init
 .text.wav_buffill
                0x08012588       0x80 FLASH_RUN/wavplay.o
                0x08012588                wav_buffill
 .text.wav_get_curtime
                0x08012608       0x2e FLASH_RUN/wavplay.o
                0x08012608                wav_get_curtime
 *fill*         0x08012636        0x2 
 .text.wave_stop
                0x08012638       0x5c FLASH_RUN/wavplay.o
                0x08012638                wave_stop
 .text.wav_play_song
                0x08012694      0x12c FLASH_RUN/wavplay.o
                0x08012694                wav_play_song
 .text.wave_play
                0x080127c0      0x118 FLASH_RUN/wavplay.o
                0x080127c0                wave_play
 .text.flac_i2s_dma_tx_callback
                0x080128d8       0x88 FLASH_RUN/flacplay.o
                0x080128d8                flac_i2s_dma_tx_callback
 .text.flac_file_seek
                0x08012960       0x24 FLASH_RUN/flacplay.o
                0x08012960                flac_file_seek
 .text.flac_init
                0x08012984      0x144 FLASH_RUN/flacplay.o
                0x08012984                flac_init
 .text.flac_get_curtime
                0x08012ac8       0x34 FLASH_RUN/flacplay.o
                0x08012ac8                flac_get_curtime
 .text.flac_stop
                0x08012afc       0x98 FLASH_RUN/flacplay.o
                0x08012afc                flac_stop
 .text.flac_play_song
                0x08012b94      0x2f8 FLASH_RUN/flacplay.o
                0x08012b94                flac_play_song
 .text.flac_play
                0x08012e8c      0x250 FLASH_RUN/flacplay.o
                0x08012e8c                flac_play
 .text.ape_i2s_dma_tx_callback
                0x080130dc       0x5c FLASH_RUN/apeplay.o
                0x080130dc                ape_i2s_dma_tx_callback
 .text.ape_file_seek
                0x08013138       0x10 FLASH_RUN/apeplay.o
                0x08013138                ape_file_seek
 .text.ape_fill_buffer
                0x08013148       0x5c FLASH_RUN/apeplay.o
                0x08013148                ape_fill_buffer
 .text.ape_get_curtime
                0x080131a4       0x34 FLASH_RUN/apeplay.o
                0x080131a4                ape_get_curtime
 .text.ape_stop
                0x080131d8       0xb4 FLASH_RUN/apeplay.o
                0x080131d8                ape_stop
 .text.ape_play_song
                0x0801328c      0x2e4 FLASH_RUN/apeplay.o
                0x0801328c                ape_play_song
 .text.ape_play
                0x08013570      0x2a8 FLASH_RUN/apeplay.o
                0x08013570                ape_play
 .text.Default_Handler
                0x08013818       0x30 /project/stm32f4x_iolib/stm32f4x_iolib_168MHz_8MHz.a(startup_stm32f4.o)
                0x08013818                HASH_RNG_IRQHandler
                0x08013818                EXTI2_IRQHandler
                0x08013818                TIM8_CC_IRQHandler
                0x08013818                DebugMon_Handler
                0x08013818                DMA2_Stream5_IRQHandler
                0x08013818                HardFault_Handler
                0x08013818                DMA1_Stream5_IRQHandler
                0x08013818                PVD_IRQHandler
                0x08013818                TAMP_STAMP_IRQHandler
                0x08013818                PendSV_Handler
                0x08013818                NMI_Handler
                0x08013818                CAN2_RX1_IRQHandler
                0x08013818                EXTI3_IRQHandler
                0x08013818                TIM8_TRG_COM_TIM14_IRQHandler
                0x08013818                TIM8_UP_TIM13_IRQHandler
                0x08013818                I2C3_ER_IRQHandler
                0x08013818                EXTI0_IRQHandler
                0x08013818                I2C2_EV_IRQHandler
                0x08013818                DMA1_Stream2_IRQHandler
                0x08013818                CAN1_RX0_IRQHandler
                0x08013818                FPU_IRQHandler
                0x08013818                OTG_HS_WKUP_IRQHandler
                0x08013818                UsageFault_Handler
                0x08013818                CAN2_SCE_IRQHandler
                0x08013818                DMA2_Stream2_IRQHandler
                0x08013818                SPI1_IRQHandler
                0x08013818                TIM6_DAC_IRQHandler
                0x08013818                TIM1_BRK_TIM9_IRQHandler
                0x08013818                DCMI_IRQHandler
                0x08013818                CAN2_RX0_IRQHandler
                0x08013818                DMA2_Stream3_IRQHandler
                0x08013818                USART6_IRQHandler
                0x08013818                CRYP_IRQHandler
                0x08013818                CAN1_RX1_IRQHandler
                0x08013818                UART5_IRQHandler
                0x08013818                DMA2_Stream0_IRQHandler
                0x08013818                TIM4_IRQHandler
                0x08013818                I2C1_EV_IRQHandler
                0x08013818                DMA1_Stream6_IRQHandler
                0x08013818                DMA1_Stream1_IRQHandler
                0x08013818                UART4_IRQHandler
                0x08013818                TIM3_IRQHandler
                0x08013818                RCC_IRQHandler
                0x08013818                TIM8_BRK_TIM12_IRQHandler
                0x08013818                Default_Handler
                0x08013818                EXTI15_10_IRQHandler
                0x08013818                ADC_IRQHandler
                0x08013818                DMA1_Stream7_IRQHandler
                0x08013818                TIM7_IRQHandler
                0x08013818                CAN2_TX_IRQHandler
                0x08013818                TIM5_IRQHandler
                0x08013818                DMA2_Stream7_IRQHandler
                0x08013818                I2C3_EV_IRQHandler
                0x08013818                EXTI9_5_IRQHandler
                0x08013818                ETH_WKUP_IRQHandler
                0x08013818                SPI2_IRQHandler
                0x08013818                OTG_HS_EP1_IN_IRQHandler
                0x08013818                MemManage_Handler
                0x08013818                DMA1_Stream0_IRQHandler
                0x08013818                CAN1_TX_IRQHandler
                0x08013818                SVC_Handler
                0x08013818                EXTI4_IRQHandler
                0x08013818                FSMC_IRQHandler
                0x08013818                ETH_IRQHandler
                0x08013818                OTG_HS_EP1_OUT_IRQHandler
                0x08013818                WWDG_IRQHandler
                0x08013818                TIM2_IRQHandler
                0x08013818                OTG_FS_WKUP_IRQHandler
                0x08013818                TIM1_TRG_COM_TIM11_IRQHandler
                0x08013818                OTG_HS_IRQHandler
                0x08013818                EXTI1_IRQHandler
                0x08013818                I2C2_ER_IRQHandler
                0x08013818                DMA2_Stream1_IRQHandler
                0x08013818                CAN1_SCE_IRQHandler
                0x08013818                FLASH_IRQHandler
                0x08013818                DMA2_Stream4_IRQHandler
                0x08013818                BusFault_Handler
                0x08013818                OTG_FS_IRQHandler
                0x08013818                SPI3_IRQHandler
                0x08013818                I2C1_ER_IRQHandler
                0x08013818                DMA2_Stream6_IRQHandler
 .text.__Init_Data_and_BSS
                0x08013848       0x40 /project/stm32f4x_iolib/stm32f4x_iolib_168MHz_8MHz.a(startup_stm32f4.o)
                0x08013848                __Init_Data_and_BSS
 .text.Reset_Handler
                0x08013888       0x28 /project/stm32f4x_iolib/stm32f4x_iolib_168MHz_8MHz.a(startup_stm32f4.o)
                0x08013888                Reset_Handler
 .text.SystemInit
                0x080138b0      0x118 /project/stm32f4x_iolib/stm32f4x_iolib_168MHz_8MHz.a(system_stm32f4.o)
                0x080138b0                SystemInit
 .text.NVIC_PriorityGroupConfig
                0x080139c8       0x14 /project/stm32f4x_iolib/stm32f4x_iolib_168MHz_8MHz.a(misc.o)
                0x080139c8                NVIC_PriorityGroupConfig
 .text.NVIC_Init
                0x080139dc       0x58 /project/stm32f4x_iolib/stm32f4x_iolib_168MHz_8MHz.a(misc.o)
                0x080139dc                NVIC_Init
 .text.NVIC_SetVectorTable
                0x08013a34       0x14 /project/stm32f4x_iolib/stm32f4x_iolib_168MHz_8MHz.a(misc.o)
                0x08013a34                NVIC_SetVectorTable
 .text.ADC_Init
                0x08013a48       0x4c /project/stm32f4x_iolib/stm32f4x_iolib_168MHz_8MHz.a(stm32f4xx_adc.o)
                0x08013a48                ADC_Init
 .text.ADC_CommonInit
                0x08013a94       0x28 /project/stm32f4x_iolib/stm32f4x_iolib_168MHz_8MHz.a(stm32f4xx_adc.o)
                0x08013a94                ADC_CommonInit
 .text.ADC_Cmd  0x08013abc       0x12 /project/stm32f4x_iolib/stm32f4x_iolib_168MHz_8MHz.a(stm32f4xx_adc.o)
                0x08013abc                ADC_Cmd
 *fill*         0x08013ace        0x2 
 .text.ADC_TempSensorVrefintCmd
                0x08013ad0       0x18 /project/stm32f4x_iolib/stm32f4x_iolib_168MHz_8MHz.a(stm32f4xx_adc.o)
                0x08013ad0                ADC_TempSensorVrefintCmd
 .text.ADC_RegularChannelConfig
                0x08013ae8       0x88 /project/stm32f4x_iolib/stm32f4x_iolib_168MHz_8MHz.a(stm32f4xx_adc.o)
                0x08013ae8                ADC_RegularChannelConfig
 .text.ADC_SoftwareStartConv
                0x08013b70        0xa /project/stm32f4x_iolib/stm32f4x_iolib_168MHz_8MHz.a(stm32f4xx_adc.o)
                0x08013b70                ADC_SoftwareStartConv
 .text.ADC_GetConversionValue
                0x08013b7a        0x6 /project/stm32f4x_iolib/stm32f4x_iolib_168MHz_8MHz.a(stm32f4xx_adc.o)
                0x08013b7a                ADC_GetConversionValue
 .text.ADC_GetFlagStatus
                0x08013b80        0xc /project/stm32f4x_iolib/stm32f4x_iolib_168MHz_8MHz.a(stm32f4xx_adc.o)
                0x08013b80                ADC_GetFlagStatus
 .text.DAC_Init
                0x08013b8c       0x2c /project/stm32f4x_iolib/stm32f4x_iolib_168MHz_8MHz.a(stm32f4xx_dac.o)
                0x08013b8c                DAC_Init
 .text.DAC_Cmd  0x08013bb8       0x1c /project/stm32f4x_iolib/stm32f4x_iolib_168MHz_8MHz.a(stm32f4xx_dac.o)
                0x08013bb8                DAC_Cmd
 .text.DAC_SetChannel1Data
                0x08013bd4       0x20 /project/stm32f4x_iolib/stm32f4x_iolib_168MHz_8MHz.a(stm32f4xx_dac.o)
                0x08013bd4                DAC_SetChannel1Data
 .text.DMA_DeInit
                0x08013bf4      0x110 /project/stm32f4x_iolib/stm32f4x_iolib_168MHz_8MHz.a(stm32f4xx_dma.o)
                0x08013bf4                DMA_DeInit
 .text.DMA_Init
                0x08013d04       0x54 /project/stm32f4x_iolib/stm32f4x_iolib_168MHz_8MHz.a(stm32f4xx_dma.o)
                0x08013d04                DMA_Init
 .text.DMA_Cmd  0x08013d58       0x12 /project/stm32f4x_iolib/stm32f4x_iolib_168MHz_8MHz.a(stm32f4xx_dma.o)
                0x08013d58                DMA_Cmd
 .text.DMA_FlowControllerConfig
                0x08013d6a       0x12 /project/stm32f4x_iolib/stm32f4x_iolib_168MHz_8MHz.a(stm32f4xx_dma.o)
                0x08013d6a                DMA_FlowControllerConfig
 .text.DMA_DoubleBufferModeConfig
                0x08013d7c       0x14 /project/stm32f4x_iolib/stm32f4x_iolib_168MHz_8MHz.a(stm32f4xx_dma.o)
                0x08013d7c                DMA_DoubleBufferModeConfig
 .text.DMA_DoubleBufferModeCmd
                0x08013d90       0x12 /project/stm32f4x_iolib/stm32f4x_iolib_168MHz_8MHz.a(stm32f4xx_dma.o)
                0x08013d90                DMA_DoubleBufferModeCmd
 .text.DMA_GetCmdStatus
                0x08013da2        0x8 /project/stm32f4x_iolib/stm32f4x_iolib_168MHz_8MHz.a(stm32f4xx_dma.o)
                0x08013da2                DMA_GetCmdStatus
 *fill*         0x08013daa        0x2 
 .text.DMA_ClearFlag
                0x08013dac       0x30 /project/stm32f4x_iolib/stm32f4x_iolib_168MHz_8MHz.a(stm32f4xx_dma.o)
                0x08013dac                DMA_ClearFlag
 .text.DMA_ITConfig
                0x08013ddc       0x3e /project/stm32f4x_iolib/stm32f4x_iolib_168MHz_8MHz.a(stm32f4xx_dma.o)
                0x08013ddc                DMA_ITConfig
 *fill*         0x08013e1a        0x2 
 .text.DMA_GetITStatus
                0x08013e1c       0x54 /project/stm32f4x_iolib/stm32f4x_iolib_168MHz_8MHz.a(stm32f4xx_dma.o)
                0x08013e1c                DMA_GetITStatus
 .text.DMA_ClearITPendingBit
                0x08013e70        0x4 /project/stm32f4x_iolib/stm32f4x_iolib_168MHz_8MHz.a(stm32f4xx_dma.o)
                0x08013e70                DMA_ClearITPendingBit
 .text.EXTI_ClearITPendingBit
                0x08013e74        0xc /project/stm32f4x_iolib/stm32f4x_iolib_168MHz_8MHz.a(stm32f4xx_exti.o)
                0x08013e74                EXTI_ClearITPendingBit
 .text.FLASH_Unlock
                0x08013e80       0x1c /project/stm32f4x_iolib/stm32f4x_iolib_168MHz_8MHz.a(stm32f4xx_flash.o)
                0x08013e80                FLASH_Unlock
 .text.FLASH_Lock
                0x08013e9c       0x10 /project/stm32f4x_iolib/stm32f4x_iolib_168MHz_8MHz.a(stm32f4xx_flash.o)
                0x08013e9c                FLASH_Lock
 .text.FLASH_OB_Unlock
                0x08013eac       0x1c /project/stm32f4x_iolib/stm32f4x_iolib_168MHz_8MHz.a(stm32f4xx_flash.o)
                0x08013eac                FLASH_OB_Unlock
 .text.FLASH_OB_Lock
                0x08013ec8       0x10 /project/stm32f4x_iolib/stm32f4x_iolib_168MHz_8MHz.a(stm32f4xx_flash.o)
                0x08013ec8                FLASH_OB_Lock
 .text.FLASH_OB_GetRDP
                0x08013ed8       0x10 /project/stm32f4x_iolib/stm32f4x_iolib_168MHz_8MHz.a(stm32f4xx_flash.o)
                0x08013ed8                FLASH_OB_GetRDP
 .text.FLASH_GetStatus
                0x08013ee8       0x34 /project/stm32f4x_iolib/stm32f4x_iolib_168MHz_8MHz.a(stm32f4xx_flash.o)
                0x08013ee8                FLASH_GetStatus
 .text.FLASH_WaitForLastOperation
                0x08013f1c       0x22 /project/stm32f4x_iolib/stm32f4x_iolib_168MHz_8MHz.a(stm32f4xx_flash.o)
                0x08013f1c                FLASH_WaitForLastOperation
 *fill*         0x08013f3e        0x2 
 .text.FLASH_OB_RDPConfig
                0x08013f40       0x18 /project/stm32f4x_iolib/stm32f4x_iolib_168MHz_8MHz.a(stm32f4xx_flash.o)
                0x08013f40                FLASH_OB_RDPConfig
 .text.FLASH_OB_Launch
                0x08013f58       0x14 /project/stm32f4x_iolib/stm32f4x_iolib_168MHz_8MHz.a(stm32f4xx_flash.o)
                0x08013f58                FLASH_OB_Launch
 .text.FSMC_NORSRAMInit
                0x08013f6c       0xa4 /project/stm32f4x_iolib/stm32f4x_iolib_168MHz_8MHz.a(stm32f4xx_fsmc.o)
                0x08013f6c                FSMC_NORSRAMInit
 .text.FSMC_NORSRAMCmd
                0x08014010       0x20 /project/stm32f4x_iolib/stm32f4x_iolib_168MHz_8MHz.a(stm32f4xx_fsmc.o)
                0x08014010                FSMC_NORSRAMCmd
 .text.GPIO_Init
                0x08014030       0x84 /project/stm32f4x_iolib/stm32f4x_iolib_168MHz_8MHz.a(stm32f4xx_gpio.o)
                0x08014030                GPIO_Init
 .text.GPIO_Init_Pin
                0x080140b4       0x86 /project/stm32f4x_iolib/stm32f4x_iolib_168MHz_8MHz.a(stm32f4xx_gpio.o)
                0x080140b4                GPIO_Init_Pin
 .text.GPIO_PinAFConfig
                0x0801413a       0x24 /project/stm32f4x_iolib/stm32f4x_iolib_168MHz_8MHz.a(stm32f4xx_gpio.o)
                0x0801413a                GPIO_PinAFConfig
 *fill*         0x0801415e        0x2 
 .text.I2C_DeInit
                0x08014160       0x60 /project/stm32f4x_iolib/stm32f4x_iolib_168MHz_8MHz.a(stm32f4xx_i2c.o)
                0x08014160                I2C_DeInit
 .text.I2C_Init
                0x080141c0       0xd0 /project/stm32f4x_iolib/stm32f4x_iolib_168MHz_8MHz.a(stm32f4xx_i2c.o)
                0x080141c0                I2C_Init
 .text.I2C_Cmd  0x08014290       0x18 /project/stm32f4x_iolib/stm32f4x_iolib_168MHz_8MHz.a(stm32f4xx_i2c.o)
                0x08014290                I2C_Cmd
 .text.I2C_GenerateSTART
                0x080142a8       0x18 /project/stm32f4x_iolib/stm32f4x_iolib_168MHz_8MHz.a(stm32f4xx_i2c.o)
                0x080142a8                I2C_GenerateSTART
 .text.I2C_GenerateSTOP
                0x080142c0       0x18 /project/stm32f4x_iolib/stm32f4x_iolib_168MHz_8MHz.a(stm32f4xx_i2c.o)
                0x080142c0                I2C_GenerateSTOP
 .text.I2C_Send7bitAddress
                0x080142d8       0x12 /project/stm32f4x_iolib/stm32f4x_iolib_168MHz_8MHz.a(stm32f4xx_i2c.o)
                0x080142d8                I2C_Send7bitAddress
 .text.I2C_AcknowledgeConfig
                0x080142ea       0x18 /project/stm32f4x_iolib/stm32f4x_iolib_168MHz_8MHz.a(stm32f4xx_i2c.o)
                0x080142ea                I2C_AcknowledgeConfig
 .text.I2C_SendData
                0x08014302        0x4 /project/stm32f4x_iolib/stm32f4x_iolib_168MHz_8MHz.a(stm32f4xx_i2c.o)
                0x08014302                I2C_SendData
 .text.I2C_ReceiveData
                0x08014306        0x6 /project/stm32f4x_iolib/stm32f4x_iolib_168MHz_8MHz.a(stm32f4xx_i2c.o)
                0x08014306                I2C_ReceiveData
 .text.I2C_CheckEvent
                0x0801430c       0x18 /project/stm32f4x_iolib/stm32f4x_iolib_168MHz_8MHz.a(stm32f4xx_i2c.o)
                0x0801430c                I2C_CheckEvent
 .text.I2C_GetLastEvent
                0x08014324       0x10 /project/stm32f4x_iolib/stm32f4x_iolib_168MHz_8MHz.a(stm32f4xx_i2c.o)
                0x08014324                I2C_GetLastEvent
 .text.I2C_GetFlagStatus
                0x08014334       0x34 /project/stm32f4x_iolib/stm32f4x_iolib_168MHz_8MHz.a(stm32f4xx_i2c.o)
                0x08014334                I2C_GetFlagStatus
 .text.I2C_ClearFlag
                0x08014368        0x8 /project/stm32f4x_iolib/stm32f4x_iolib_168MHz_8MHz.a(stm32f4xx_i2c.o)
                0x08014368                I2C_ClearFlag
 .text.IWDG_WriteAccessCmd
                0x08014370        0xc /project/stm32f4x_iolib/stm32f4x_iolib_168MHz_8MHz.a(stm32f4xx_iwdg.o)
                0x08014370                IWDG_WriteAccessCmd
 .text.IWDG_SetPrescaler
                0x0801437c        0xc /project/stm32f4x_iolib/stm32f4x_iolib_168MHz_8MHz.a(stm32f4xx_iwdg.o)
                0x0801437c                IWDG_SetPrescaler
 .text.IWDG_SetReload
                0x08014388        0xc /project/stm32f4x_iolib/stm32f4x_iolib_168MHz_8MHz.a(stm32f4xx_iwdg.o)
                0x08014388                IWDG_SetReload
 .text.IWDG_ReloadCounter
                0x08014394       0x10 /project/stm32f4x_iolib/stm32f4x_iolib_168MHz_8MHz.a(stm32f4xx_iwdg.o)
                0x08014394                IWDG_ReloadCounter
 .text.IWDG_Enable
                0x080143a4       0x10 /project/stm32f4x_iolib/stm32f4x_iolib_168MHz_8MHz.a(stm32f4xx_iwdg.o)
                0x080143a4                IWDG_Enable
 .text.PWR_BackupAccessCmd
                0x080143b4        0xc /project/stm32f4x_iolib/stm32f4x_iolib_168MHz_8MHz.a(stm32f4xx_pwr.o)
                0x080143b4                PWR_BackupAccessCmd
 .text.RCC_LSEConfig
                0x080143c0       0x20 /project/stm32f4x_iolib/stm32f4x_iolib_168MHz_8MHz.a(stm32f4xx_rcc.o)
                0x080143c0                RCC_LSEConfig
 .text.RCC_PLLI2SConfig
                0x080143e0       0x14 /project/stm32f4x_iolib/stm32f4x_iolib_168MHz_8MHz.a(stm32f4xx_rcc.o)
                0x080143e0                RCC_PLLI2SConfig
 .text.RCC_PLLI2SCmd
                0x080143f4        0xc /project/stm32f4x_iolib/stm32f4x_iolib_168MHz_8MHz.a(stm32f4xx_rcc.o)
                0x080143f4                RCC_PLLI2SCmd
 .text.RCC_GetClocksFreq
                0x08014400       0x88 /project/stm32f4x_iolib/stm32f4x_iolib_168MHz_8MHz.a(stm32f4xx_rcc.o)
                0x08014400                RCC_GetClocksFreq
 .text.RCC_RTCCLKConfig
                0x08014488       0x30 /project/stm32f4x_iolib/stm32f4x_iolib_168MHz_8MHz.a(stm32f4xx_rcc.o)
                0x08014488                RCC_RTCCLKConfig
 .text.RCC_RTCCLKCmd
                0x080144b8        0xc /project/stm32f4x_iolib/stm32f4x_iolib_168MHz_8MHz.a(stm32f4xx_rcc.o)
                0x080144b8                RCC_RTCCLKCmd
 .text.RCC_AHB1PeriphClockCmd
                0x080144c4       0x18 /project/stm32f4x_iolib/stm32f4x_iolib_168MHz_8MHz.a(stm32f4xx_rcc.o)
                0x080144c4                RCC_AHB1PeriphClockCmd
 .text.RCC_AHB3PeriphClockCmd
                0x080144dc       0x18 /project/stm32f4x_iolib/stm32f4x_iolib_168MHz_8MHz.a(stm32f4xx_rcc.o)
                0x080144dc                RCC_AHB3PeriphClockCmd
 .text.RCC_APB1PeriphClockCmd
                0x080144f4       0x18 /project/stm32f4x_iolib/stm32f4x_iolib_168MHz_8MHz.a(stm32f4xx_rcc.o)
                0x080144f4                RCC_APB1PeriphClockCmd
 .text.RCC_APB2PeriphClockCmd
                0x0801450c       0x18 /project/stm32f4x_iolib/stm32f4x_iolib_168MHz_8MHz.a(stm32f4xx_rcc.o)
                0x0801450c                RCC_APB2PeriphClockCmd
 .text.RCC_APB1PeriphResetCmd
                0x08014524       0x18 /project/stm32f4x_iolib/stm32f4x_iolib_168MHz_8MHz.a(stm32f4xx_rcc.o)
                0x08014524                RCC_APB1PeriphResetCmd
 .text.RCC_APB2PeriphResetCmd
                0x0801453c       0x18 /project/stm32f4x_iolib/stm32f4x_iolib_168MHz_8MHz.a(stm32f4xx_rcc.o)
                0x0801453c                RCC_APB2PeriphResetCmd
 .text.RCC_GetFlagStatus
                0x08014554       0x28 /project/stm32f4x_iolib/stm32f4x_iolib_168MHz_8MHz.a(stm32f4xx_rcc.o)
                0x08014554                RCC_GetFlagStatus
 .text.RTC_ByteToBcd2
                0x0801457c       0x1a /project/stm32f4x_iolib/stm32f4x_iolib_168MHz_8MHz.a(stm32f4xx_rtc.o)
 .text.RTC_Bcd2ToByte
                0x08014596       0x12 /project/stm32f4x_iolib/stm32f4x_iolib_168MHz_8MHz.a(stm32f4xx_rtc.o)
 .text.RTC_EnterInitMode
                0x080145a8       0x40 /project/stm32f4x_iolib/stm32f4x_iolib_168MHz_8MHz.a(stm32f4xx_rtc.o)
                0x080145a8                RTC_EnterInitMode
 .text.RTC_ExitInitMode
                0x080145e8       0x10 /project/stm32f4x_iolib/stm32f4x_iolib_168MHz_8MHz.a(stm32f4xx_rtc.o)
                0x080145e8                RTC_ExitInitMode
 .text.RTC_Init
                0x080145f8       0x44 /project/stm32f4x_iolib/stm32f4x_iolib_168MHz_8MHz.a(stm32f4xx_rtc.o)
                0x080145f8                RTC_Init
 .text.RTC_WaitForSynchro
                0x0801463c       0x44 /project/stm32f4x_iolib/stm32f4x_iolib_168MHz_8MHz.a(stm32f4xx_rtc.o)
                0x0801463c                RTC_WaitForSynchro
 .text.RTC_SetTime
                0x08014680       0x88 /project/stm32f4x_iolib/stm32f4x_iolib_168MHz_8MHz.a(stm32f4xx_rtc.o)
                0x08014680                RTC_SetTime
 .text.RTC_GetTime
                0x08014708       0x44 /project/stm32f4x_iolib/stm32f4x_iolib_168MHz_8MHz.a(stm32f4xx_rtc.o)
                0x08014708                RTC_GetTime
 .text.RTC_SetDate
                0x0801474c       0x80 /project/stm32f4x_iolib/stm32f4x_iolib_168MHz_8MHz.a(stm32f4xx_rtc.o)
                0x0801474c                RTC_SetDate
 .text.RTC_GetDate
                0x080147cc       0x40 /project/stm32f4x_iolib/stm32f4x_iolib_168MHz_8MHz.a(stm32f4xx_rtc.o)
                0x080147cc                RTC_GetDate
 .text.RTC_WriteBackupRegister
                0x0801480c       0x20 /project/stm32f4x_iolib/stm32f4x_iolib_168MHz_8MHz.a(stm32f4xx_rtc.o)
                0x0801480c                RTC_WriteBackupRegister
 .text.RTC_ReadBackupRegister
                0x0801482c       0x20 /project/stm32f4x_iolib/stm32f4x_iolib_168MHz_8MHz.a(stm32f4xx_rtc.o)
                0x0801482c                RTC_ReadBackupRegister
 .text.RTC_GetFlagStatus
                0x0801484c       0x18 /project/stm32f4x_iolib/stm32f4x_iolib_168MHz_8MHz.a(stm32f4xx_rtc.o)
                0x0801484c                RTC_GetFlagStatus
 .text.RTC_ClearFlag
                0x08014864       0x1c /project/stm32f4x_iolib/stm32f4x_iolib_168MHz_8MHz.a(stm32f4xx_rtc.o)
                0x08014864                RTC_ClearFlag
 .text.SDIO_Init
                0x08014880       0x30 /project/stm32f4x_iolib/stm32f4x_iolib_168MHz_8MHz.a(stm32f4xx_sdio.o)
                0x08014880                SDIO_Init
 .text.SDIO_SetPowerState
                0x080148b0        0xc /project/stm32f4x_iolib/stm32f4x_iolib_168MHz_8MHz.a(stm32f4xx_sdio.o)
                0x080148b0                SDIO_SetPowerState
 .text.SDIO_GetPowerState
                0x080148bc       0x10 /project/stm32f4x_iolib/stm32f4x_iolib_168MHz_8MHz.a(stm32f4xx_sdio.o)
                0x080148bc                SDIO_GetPowerState
 .text.SDIO_SendCommand
                0x080148cc       0x2c /project/stm32f4x_iolib/stm32f4x_iolib_168MHz_8MHz.a(stm32f4xx_sdio.o)
                0x080148cc                SDIO_SendCommand
 .text.SDIO_DataConfig
                0x080148f8       0x2c /project/stm32f4x_iolib/stm32f4x_iolib_168MHz_8MHz.a(stm32f4xx_sdio.o)
                0x080148f8                SDIO_DataConfig
 .text.SDIO_GetFlagStatus
                0x08014924       0x14 /project/stm32f4x_iolib/stm32f4x_iolib_168MHz_8MHz.a(stm32f4xx_sdio.o)
                0x08014924                SDIO_GetFlagStatus
 .text.SDIO_ClearFlag
                0x08014938        0xc /project/stm32f4x_iolib/stm32f4x_iolib_168MHz_8MHz.a(stm32f4xx_sdio.o)
                0x08014938                SDIO_ClearFlag
 .text.I2S_Init
                0x08014944       0xcc /project/stm32f4x_iolib/stm32f4x_iolib_168MHz_8MHz.a(stm32f4xx_spi.o)
                0x08014944                I2S_Init
 .text.I2S_Cmd  0x08014a10       0x18 /project/stm32f4x_iolib/stm32f4x_iolib_168MHz_8MHz.a(stm32f4xx_spi.o)
                0x08014a10                I2S_Cmd
 .text.SPI_I2S_DMACmd
                0x08014a28       0x12 /project/stm32f4x_iolib/stm32f4x_iolib_168MHz_8MHz.a(stm32f4xx_spi.o)
                0x08014a28                SPI_I2S_DMACmd
 .text.TI1_Config
                0x08014a3a       0x34 /project/stm32f4x_iolib/stm32f4x_iolib_168MHz_8MHz.a(stm32f4xx_tim.o)
 .text.TI2_Config
                0x08014a6e       0x3a /project/stm32f4x_iolib/stm32f4x_iolib_168MHz_8MHz.a(stm32f4xx_tim.o)
 .text.TIM_TimeBaseInit
                0x08014aa8       0x7c /project/stm32f4x_iolib/stm32f4x_iolib_168MHz_8MHz.a(stm32f4xx_tim.o)
                0x08014aa8                TIM_TimeBaseInit
 .text.TIM_SetCounter
                0x08014b24        0x4 /project/stm32f4x_iolib/stm32f4x_iolib_168MHz_8MHz.a(stm32f4xx_tim.o)
                0x08014b24                TIM_SetCounter
 .text.TIM_Cmd  0x08014b28       0x18 /project/stm32f4x_iolib/stm32f4x_iolib_168MHz_8MHz.a(stm32f4xx_tim.o)
                0x08014b28                TIM_Cmd
 .text.TIM_OC1PolarityConfig
                0x08014b40       0x10 /project/stm32f4x_iolib/stm32f4x_iolib_168MHz_8MHz.a(stm32f4xx_tim.o)
                0x08014b40                TIM_OC1PolarityConfig
 .text.TIM_GetCapture1
                0x08014b50        0x4 /project/stm32f4x_iolib/stm32f4x_iolib_168MHz_8MHz.a(stm32f4xx_tim.o)
                0x08014b50                TIM_GetCapture1
 .text.TIM_SetIC1Prescaler
                0x08014b54       0x16 /project/stm32f4x_iolib/stm32f4x_iolib_168MHz_8MHz.a(stm32f4xx_tim.o)
                0x08014b54                TIM_SetIC1Prescaler
 .text.TIM_SetIC2Prescaler
                0x08014b6a       0x1a /project/stm32f4x_iolib/stm32f4x_iolib_168MHz_8MHz.a(stm32f4xx_tim.o)
                0x08014b6a                TIM_SetIC2Prescaler
 .text.TIM_SetIC3Prescaler
                0x08014b84       0x16 /project/stm32f4x_iolib/stm32f4x_iolib_168MHz_8MHz.a(stm32f4xx_tim.o)
                0x08014b84                TIM_SetIC3Prescaler
 .text.TIM_SetIC4Prescaler
                0x08014b9a       0x1a /project/stm32f4x_iolib/stm32f4x_iolib_168MHz_8MHz.a(stm32f4xx_tim.o)
                0x08014b9a                TIM_SetIC4Prescaler
 .text.TIM_ICInit
                0x08014bb4       0xb8 /project/stm32f4x_iolib/stm32f4x_iolib_168MHz_8MHz.a(stm32f4xx_tim.o)
                0x08014bb4                TIM_ICInit
 .text.TIM_ITConfig
                0x08014c6c       0x12 /project/stm32f4x_iolib/stm32f4x_iolib_168MHz_8MHz.a(stm32f4xx_tim.o)
                0x08014c6c                TIM_ITConfig
 .text.TIM_GetITStatus
                0x08014c7e       0x16 /project/stm32f4x_iolib/stm32f4x_iolib_168MHz_8MHz.a(stm32f4xx_tim.o)
                0x08014c7e                TIM_GetITStatus
 .text.TIM_ClearITPendingBit
                0x08014c94        0x8 /project/stm32f4x_iolib/stm32f4x_iolib_168MHz_8MHz.a(stm32f4xx_tim.o)
                0x08014c94                TIM_ClearITPendingBit
 .text.USART_DeInit
                0x08014c9c       0xb0 /project/stm32f4x_iolib/stm32f4x_iolib_168MHz_8MHz.a(stm32f4xx_usart.o)
                0x08014c9c                USART_DeInit
 .text.USART_Init
                0x08014d4c       0xb4 /project/stm32f4x_iolib/stm32f4x_iolib_168MHz_8MHz.a(stm32f4xx_usart.o)
                0x08014d4c                USART_Init
 .text.USART_Cmd
                0x08014e00       0x18 /project/stm32f4x_iolib/stm32f4x_iolib_168MHz_8MHz.a(stm32f4xx_usart.o)
                0x08014e00                USART_Cmd
 .text.USART_SendData
                0x08014e18        0x8 /project/stm32f4x_iolib/stm32f4x_iolib_168MHz_8MHz.a(stm32f4xx_usart.o)
                0x08014e18                USART_SendData
 .text.USART_ReceiveData
                0x08014e20        0x8 /project/stm32f4x_iolib/stm32f4x_iolib_168MHz_8MHz.a(stm32f4xx_usart.o)
                0x08014e20                USART_ReceiveData
 .text.USART_ITConfig
                0x08014e28       0x30 /project/stm32f4x_iolib/stm32f4x_iolib_168MHz_8MHz.a(stm32f4xx_usart.o)
                0x08014e28                USART_ITConfig
 .text.USART_GetITStatus
                0x08014e58       0x40 /project/stm32f4x_iolib/stm32f4x_iolib_168MHz_8MHz.a(stm32f4xx_usart.o)
                0x08014e58                USART_GetITStatus
 .text.USART_ClearITPendingBit
                0x08014e98        0xe /project/stm32f4x_iolib/stm32f4x_iolib_168MHz_8MHz.a(stm32f4xx_usart.o)
                0x08014e98                USART_ClearITPendingBit
 .text.MP3ClearBadFrame
                0x08014ea6       0x24 source/audio_codec/mp3/mp3.a(mp3dec.o)
 .text.MP3InitDecoder
                0x08014eca        0x4 source/audio_codec/mp3/mp3.a(mp3dec.o)
                0x08014eca                MP3InitDecoder
 .text.MP3FreeDecoder
                0x08014ece        0x8 source/audio_codec/mp3/mp3.a(mp3dec.o)
                0x08014ece                MP3FreeDecoder
 .text.MP3FindSyncWord
                0x08014ed6       0x26 source/audio_codec/mp3/mp3.a(mp3dec.o)
                0x08014ed6                MP3FindSyncWord
 .text.MP3GetLastFrameInfo
                0x08014efc       0x54 source/audio_codec/mp3/mp3.a(mp3dec.o)
                0x08014efc                MP3GetLastFrameInfo
 .text.MP3GetNextFrameInfo
                0x08014f50       0x32 source/audio_codec/mp3/mp3.a(mp3dec.o)
                0x08014f50                MP3GetNextFrameInfo
 .text.MP3Decode
                0x08014f82      0x318 source/audio_codec/mp3/mp3.a(mp3dec.o)
                0x08014f82                MP3Decode
 *fill*         0x0801529a        0x2 
 .text.xmp3_UnpackScaleFactors
                0x0801529c      0x60c source/audio_codec/mp3/mp3.a(scalfact.o)
                0x0801529c                xmp3_UnpackScaleFactors
 .text.xmp3_Subband
                0x080158a8       0xf8 source/audio_codec/mp3/mp3.a(subband.o)
                0x080158a8                xmp3_Subband
 .text          0x080159a0      0x80e source/audio_codec/mp3/mp3.a(asmpoly_thumb2.o)
                0x080159a0                xmp3_PolyphaseStereo
                0x08015ebc                xmp3_PolyphaseMono
 .text.xmp3_SetBitstreamPointer
                0x080161ae        0xc source/audio_codec/mp3/mp3.a(bitstream.o)
                0x080161ae                xmp3_SetBitstreamPointer
 .text.xmp3_GetBits
                0x080161ba       0xb4 source/audio_codec/mp3/mp3.a(bitstream.o)
                0x080161ba                xmp3_GetBits
 .text.xmp3_CalcBitsUsed
                0x0801626e        0xe source/audio_codec/mp3/mp3.a(bitstream.o)
                0x0801626e                xmp3_CalcBitsUsed
 .text.xmp3_CheckPadBit
                0x0801627c       0x16 source/audio_codec/mp3/mp3.a(bitstream.o)
                0x0801627c                xmp3_CheckPadBit
 *fill*         0x08016292        0x2 
 .text.xmp3_UnpackFrameHeader
                0x08016294      0x1c8 source/audio_codec/mp3/mp3.a(bitstream.o)
                0x08016294                xmp3_UnpackFrameHeader
 .text.xmp3_UnpackSideInfo
                0x0801645c      0x20a source/audio_codec/mp3/mp3.a(bitstream.o)
                0x0801645c                xmp3_UnpackSideInfo
 .text.ClearBuffer
                0x08016666        0xa source/audio_codec/mp3/mp3.a(buffers.o)
                0x08016666                ClearBuffer
 .text.xmp3_FreeBuffers
                0x08016670       0x4a source/audio_codec/mp3/mp3.a(buffers.o)
                0x08016670                xmp3_FreeBuffers
 .text.xmp3_AllocateBuffers
                0x080166ba       0xde source/audio_codec/mp3/mp3.a(buffers.o)
                0x080166ba                xmp3_AllocateBuffers
 .text.xmp3_FDCT32
                0x08016798      0x6c8 source/audio_codec/mp3/mp3.a(dct32.o)
                0x08016798                xmp3_FDCT32
 .text.xmp3_Dequantize
                0x08016e60      0x240 source/audio_codec/mp3/mp3.a(dequant.o)
                0x08016e60                xmp3_Dequantize
 .text.DequantBlock
                0x080170a0      0x1a0 source/audio_codec/mp3/mp3.a(dqchan.o)
 .text.xmp3_DequantChannel
                0x08017240      0x21c source/audio_codec/mp3/mp3.a(dqchan.o)
                0x08017240                xmp3_DequantChannel
 .text.xmp3_DecodeHuffman
                0x0801745c      0x694 source/audio_codec/mp3/mp3.a(huffman.o)
                0x0801745c                xmp3_DecodeHuffman
 .text.idct9    0x08017af0      0x160 source/audio_codec/mp3/mp3.a(imdct.o)
 .text.imdct12  0x08017c50       0xb8 source/audio_codec/mp3/mp3.a(imdct.o)
 .text.WinPrevious
                0x08017d08      0x150 source/audio_codec/mp3/mp3.a(imdct.o)
 .text.FreqInvertRescale
                0x08017e58      0x170 source/audio_codec/mp3/mp3.a(imdct.o)
 .text.xmp3_IMDCT
                0x08017fc8      0x928 source/audio_codec/mp3/mp3.a(imdct.o)
                0x08017fc8                xmp3_IMDCT
 .text.xmp3_MidSideProc
                0x080188f0       0x4c source/audio_codec/mp3/mp3.a(stproc.o)
                0x080188f0                xmp3_MidSideProc
 .text.xmp3_IntensityProcMPEG1
                0x0801893c      0x270 source/audio_codec/mp3/mp3.a(stproc.o)
                0x0801893c                xmp3_IntensityProcMPEG1
 .text.xmp3_IntensityProcMPEG2
                0x08018bac      0x254 source/audio_codec/mp3/mp3.a(stproc.o)
                0x08018bac                xmp3_IntensityProcMPEG2
 .text          0x08018e00       0x18 source/audio_codec/mp3/mp3.a(asmmisc.o)
                0x08018e00                xmp3_MULSHIFT32
                0x08018e08                xmp3_FASTABS
 .text.swap32   0x08018e18       0x1c source/audio_codec/flac/flac.a(flacdecoder.o)
 .text.get_bits1
                0x08018e34       0x18 source/audio_codec/flac/flac.a(flacdecoder.o)
 .text.get_sbits
                0x08018e4c       0x22 source/audio_codec/flac/flac.a(flacdecoder.o)
 .text.get_bits
                0x08018e6e       0x22 source/audio_codec/flac/flac.a(flacdecoder.o)
 .text.decode_residuals
                0x08018e90      0x190 source/audio_codec/flac/flac.a(flacdecoder.o)
 .text.decode_subframe_lpc
                0x08019020      0x178 source/audio_codec/flac/flac.a(flacdecoder.o)
                0x08019020                decode_subframe_lpc
 .text.decode_subframe
                0x08019198      0x1c0 source/audio_codec/flac/flac.a(flacdecoder.o)
 .text.decode_frame
                0x08019358      0x200 source/audio_codec/flac/flac.a(flacdecoder.o)
 .text.flac_seek_frame
                0x08019558       0x60 source/audio_codec/flac/flac.a(flacdecoder.o)
                0x08019558                flac_seek_frame
 .text.flac_decode_frame24
                0x080195b8      0x102 source/audio_codec/flac/flac.a(flacdecoder.o)
                0x080195b8                flac_decode_frame24
 .text.flac_decode_frame16
                0x080196ba      0x106 source/audio_codec/flac/flac.a(flacdecoder.o)
                0x080196ba                flac_decode_frame16
 .text.align_get_bits
                0x080197c0       0x10 source/audio_codec/flac/flac.a(bitstreamf.o)
                0x080197c0                align_get_bits
 .text.init_frame_decoder
                0x080197d0       0x40 source/audio_codec/ape/ape.a(apedecoder.o)
                0x080197d0                init_frame_decoder
 .text.decode_chunk
                0x08019810      0x130 source/audio_codec/ape/ape.a(apedecoder.o)
                0x08019810                decode_chunk
 .text.skip_byte
                0x08019940       0x24 source/audio_codec/ape/ape.a(entropy.o)
 .text.read_byte
                0x08019964       0x24 source/audio_codec/ape/ape.a(entropy.o)
 .text.range_dec_normalize
                0x08019988       0x30 source/audio_codec/ape/ape.a(entropy.o)
 .text.range_decode_culshift
                0x080199b8       0x20 source/audio_codec/ape/ape.a(entropy.o)
 .text.range_decode_update
                0x080199d8       0x18 source/audio_codec/ape/ape.a(entropy.o)
 .text.range_decode_short
                0x080199f0       0x16 source/audio_codec/ape/ape.a(entropy.o)
 .text.update_rice
                0x08019a06       0x3a source/audio_codec/ape/ape.a(entropy.o)
 .text.entropy_decode3980
                0x08019a40       0xe0 source/audio_codec/ape/ape.a(entropy.o)
 .text.entropy_decode3970
                0x08019b20       0xa0 source/audio_codec/ape/ape.a(entropy.o)
 .text.init_entropy_decoder
                0x08019bc0       0xdc source/audio_codec/ape/ape.a(entropy.o)
                0x08019bc0                init_entropy_decoder
 .text.entropy_decode
                0x08019c9c       0xdc source/audio_codec/ape/ape.a(entropy.o)
                0x08019c9c                entropy_decode
 .text.vector_add
                0x08019d78       0x82 source/audio_codec/ape/ape.a(filter_16_11.o)
 .text.vector_sub
                0x08019dfa       0x82 source/audio_codec/ape/ape.a(filter_16_11.o)
 .text.scalarproduct
                0x08019e7c       0x84 source/audio_codec/ape/ape.a(filter_16_11.o)
 .text.init_filter_16_11
                0x08019f00       0x4c source/audio_codec/ape/ape.a(filter_16_11.o)
                0x08019f00                init_filter_16_11
 .text.apply_filter_16_11
                0x08019f4c      0x21c source/audio_codec/ape/ape.a(filter_16_11.o)
                0x08019f4c                apply_filter_16_11
 .text.vector_add
                0x0801a168      0x1d4 source/audio_codec/ape/ape.a(filter_64_11.o)
 .text.vector_sub
                0x0801a33c      0x1d4 source/audio_codec/ape/ape.a(filter_64_11.o)
 .text.scalarproduct
                0x0801a510      0x198 source/audio_codec/ape/ape.a(filter_64_11.o)
 .text.init_filter_64_11
                0x0801a6a8       0x50 source/audio_codec/ape/ape.a(filter_64_11.o)
                0x0801a6a8                init_filter_64_11
 .text.apply_filter_64_11
                0x0801a6f8      0x220 source/audio_codec/ape/ape.a(filter_64_11.o)
                0x0801a6f8                apply_filter_64_11
 .text.read_uint16
                0x0801a918       0x24 source/audio_codec/ape/ape.a(parser.o)
 .text.read_uint32
                0x0801a93c       0x22 source/audio_codec/ape/ape.a(parser.o)
 *fill*         0x0801a95e        0x2 
 .text.ape_parseheader
                0x0801a960      0x310 source/audio_codec/ape/ape.a(parser.o)
                0x0801a960                ape_parseheader
 .text.init_predictor_decoder
                0x0801ac70       0x74 source/audio_codec/ape/ape.a(predictor.o)
                0x0801ac70                init_predictor_decoder
 .text          0x0801ace4      0x422 source/audio_codec/ape/ape.a(predictor-arm.o)
                0x0801ace4                predictor_decode_stereo
                0x0801affe                predictor_decode_mono
 *fill*         0x0801b106        0x2 
 .text.abort    0x0801b108       0x10 c:/program files (x86)/gnu arm embedded toolchain/10 2021.10/bin/../lib/gcc/arm-none-eabi/10.3.1/../../../../arm-none-eabi/lib/thumb/v7e-m+fp/hard\libc.a(lib_a-abort.o)
                0x0801b108                abort
 .text.__errno  0x0801b118        0xc c:/program files (x86)/gnu arm embedded toolchain/10 2021.10/bin/../lib/gcc/arm-none-eabi/10.3.1/../../../../arm-none-eabi/lib/thumb/v7e-m+fp/hard\libc.a(lib_a-errno.o)
                0x0801b118                __errno
 .text.malloc   0x0801b124       0x10 c:/program files (x86)/gnu arm embedded toolchain/10 2021.10/bin/../lib/gcc/arm-none-eabi/10.3.1/../../../../arm-none-eabi/lib/thumb/v7e-m+fp/hard\libc.a(lib_a-malloc.o)
                0x0801b124                malloc
 .text.free     0x0801b134       0x10 c:/program files (x86)/gnu arm embedded toolchain/10 2021.10/bin/../lib/gcc/arm-none-eabi/10.3.1/../../../../arm-none-eabi/lib/thumb/v7e-m+fp/hard\libc.a(lib_a-malloc.o)
                0x0801b134                free
 .text._malloc_r
                0x0801b144      0x560 c:/program files (x86)/gnu arm embedded toolchain/10 2021.10/bin/../lib/gcc/arm-none-eabi/10.3.1/../../../../arm-none-eabi/lib/thumb/v7e-m+fp/hard\libc.a(lib_a-mallocr.o)
                0x0801b144                _malloc_r
 .text.memcmp   0x0801b6a4       0x64 c:/program files (x86)/gnu arm embedded toolchain/10 2021.10/bin/../lib/gcc/arm-none-eabi/10.3.1/../../../../arm-none-eabi/lib/thumb/v7e-m+fp/hard\libc.a(lib_a-memcmp.o)
                0x0801b6a4                memcmp
 .text          0x0801b708      0x134 c:/program files (x86)/gnu arm embedded toolchain/10 2021.10/bin/../lib/gcc/arm-none-eabi/10.3.1/../../../../arm-none-eabi/lib/thumb/v7e-m+fp/hard\libc.a(lib_a-memcpy.o)
                0x0801b708                memcpy
 .text.memmove  0x0801b83c       0xf8 c:/program files (x86)/gnu arm embedded toolchain/10 2021.10/bin/../lib/gcc/arm-none-eabi/10.3.1/../../../../arm-none-eabi/lib/thumb/v7e-m+fp/hard\libc.a(lib_a-memmove.o)
                0x0801b83c                memmove
 .text.memset   0x0801b934       0xa4 c:/program files (x86)/gnu arm embedded toolchain/10 2021.10/bin/../lib/gcc/arm-none-eabi/10.3.1/../../../../arm-none-eabi/lib/thumb/v7e-m+fp/hard\libc.a(lib_a-memset.o)
                0x0801b934                memset
 .text.__malloc_lock
                0x0801b9d8        0xc c:/program files (x86)/gnu arm embedded toolchain/10 2021.10/bin/../lib/gcc/arm-none-eabi/10.3.1/../../../../arm-none-eabi/lib/thumb/v7e-m+fp/hard\libc.a(lib_a-mlock.o)
                0x0801b9d8                __malloc_lock
 .text.__malloc_unlock
                0x0801b9e4        0xc c:/program files (x86)/gnu arm embedded toolchain/10 2021.10/bin/../lib/gcc/arm-none-eabi/10.3.1/../../../../arm-none-eabi/lib/thumb/v7e-m+fp/hard\libc.a(lib_a-mlock.o)
                0x0801b9e4                __malloc_unlock
 .text.rand     0x0801b9f0       0x3c c:/program files (x86)/gnu arm embedded toolchain/10 2021.10/bin/../lib/gcc/arm-none-eabi/10.3.1/../../../../arm-none-eabi/lib/thumb/v7e-m+fp/hard\libc.a(lib_a-rand.o)
                0x0801b9f0                rand
 .text._sbrk_r  0x0801ba2c       0x24 c:/program files (x86)/gnu arm embedded toolchain/10 2021.10/bin/../lib/gcc/arm-none-eabi/10.3.1/../../../../arm-none-eabi/lib/thumb/v7e-m+fp/hard\libc.a(lib_a-sbrkr.o)
                0x0801ba2c                _sbrk_r
 .text.raise    0x0801ba50       0x5c c:/program files (x86)/gnu arm embedded toolchain/10 2021.10/bin/../lib/gcc/arm-none-eabi/10.3.1/../../../../arm-none-eabi/lib/thumb/v7e-m+fp/hard\libc.a(lib_a-signal.o)
                0x0801ba50                raise
 .text._kill_r  0x0801baac       0x2c c:/program files (x86)/gnu arm embedded toolchain/10 2021.10/bin/../lib/gcc/arm-none-eabi/10.3.1/../../../../arm-none-eabi/lib/thumb/v7e-m+fp/hard\libc.a(lib_a-signalr.o)
                0x0801baac                _kill_r
 .text._getpid_r
                0x0801bad8        0x4 c:/program files (x86)/gnu arm embedded toolchain/10 2021.10/bin/../lib/gcc/arm-none-eabi/10.3.1/../../../../arm-none-eabi/lib/thumb/v7e-m+fp/hard\libc.a(lib_a-signalr.o)
                0x0801bad8                _getpid_r
 .text.strcasecmp
                0x0801badc       0x4c c:/program files (x86)/gnu arm embedded toolchain/10 2021.10/bin/../lib/gcc/arm-none-eabi/10.3.1/../../../../arm-none-eabi/lib/thumb/v7e-m+fp/hard\libc.a(lib_a-strcasecmp.o)
                0x0801badc                strcasecmp
 .text.strcat   0x0801bb28       0x40 c:/program files (x86)/gnu arm embedded toolchain/10 2021.10/bin/../lib/gcc/arm-none-eabi/10.3.1/../../../../arm-none-eabi/lib/thumb/v7e-m+fp/hard\libc.a(lib_a-strcat.o)
                0x0801bb28                strcat
 .text.strcpy   0x0801bb68       0xbc c:/program files (x86)/gnu arm embedded toolchain/10 2021.10/bin/../lib/gcc/arm-none-eabi/10.3.1/../../../../arm-none-eabi/lib/thumb/v7e-m+fp/hard\libc.a(lib_a-strcpy.o)
                0x0801bb68                strcpy
 *fill*         0x0801bc24       0x1c 
 .text          0x0801bc40       0xdc c:/program files (x86)/gnu arm embedded toolchain/10 2021.10/bin/../lib/gcc/arm-none-eabi/10.3.1/../../../../arm-none-eabi/lib/thumb/v7e-m+fp/hard\libc.a(lib_a-strlen.o)
                0x0801bc40                strlen
 .text.strncmp  0x0801bd1c       0x80 c:/program files (x86)/gnu arm embedded toolchain/10 2021.10/bin/../lib/gcc/arm-none-eabi/10.3.1/../../../../arm-none-eabi/lib/thumb/v7e-m+fp/hard\libc.a(lib_a-strncmp.o)
                0x0801bd1c                strncmp
 .text.strncpy  0x0801bd9c       0x64 c:/program files (x86)/gnu arm embedded toolchain/10 2021.10/bin/../lib/gcc/arm-none-eabi/10.3.1/../../../../arm-none-eabi/lib/thumb/v7e-m+fp/hard\libc.a(lib_a-strncpy.o)
                0x0801bd9c                strncpy
 .text._malloc_trim_r
                0x0801be00       0xa0 c:/program files (x86)/gnu arm embedded toolchain/10 2021.10/bin/../lib/gcc/arm-none-eabi/10.3.1/../../../../arm-none-eabi/lib/thumb/v7e-m+fp/hard\libc.a(lib_a-freer.o)
                0x0801be00                _malloc_trim_r
 .text._free_r  0x0801bea0      0x20c c:/program files (x86)/gnu arm embedded toolchain/10 2021.10/bin/../lib/gcc/arm-none-eabi/10.3.1/../../../../arm-none-eabi/lib/thumb/v7e-m+fp/hard\libc.a(lib_a-freer.o)
                0x0801bea0                _free_r
 .text.__retarget_lock_acquire_recursive
                0x0801c0ac        0x4 c:/program files (x86)/gnu arm embedded toolchain/10 2021.10/bin/../lib/gcc/arm-none-eabi/10.3.1/../../../../arm-none-eabi/lib/thumb/v7e-m+fp/hard\libc.a(lib_a-lock.o)
                0x0801c0ac                __retarget_lock_acquire_recursive
 .text.__retarget_lock_release_recursive
                0x0801c0b0        0x4 c:/program files (x86)/gnu arm embedded toolchain/10 2021.10/bin/../lib/gcc/arm-none-eabi/10.3.1/../../../../arm-none-eabi/lib/thumb/v7e-m+fp/hard\libc.a(lib_a-lock.o)
                0x0801c0b0                __retarget_lock_release_recursive
 .text.sqrt     0x0801c0b4       0x68 c:/program files (x86)/gnu arm embedded toolchain/10 2021.10/bin/../lib/gcc/arm-none-eabi/10.3.1/../../../../arm-none-eabi/lib/thumb/v7e-m+fp/hard\libm.a(lib_a-w_sqrt.o)
                0x0801c0b4                sqrt
 .text.__ieee754_sqrt
                0x0801c11c      0x198 c:/program files (x86)/gnu arm embedded toolchain/10 2021.10/bin/../lib/gcc/arm-none-eabi/10.3.1/../../../../arm-none-eabi/lib/thumb/v7e-m+fp/hard\libm.a(lib_a-e_sqrt.o)
                0x0801c11c                __ieee754_sqrt
 .text          0x0801c2b4      0x378 c:/program files (x86)/gnu arm embedded toolchain/10 2021.10/bin/../lib/gcc/arm-none-eabi/10.3.1/thumb/v7e-m+fp/hard\libgcc.a(_arm_addsubdf3.o)
                0x0801c2b4                __aeabi_drsub
                0x0801c2bc                __aeabi_dsub
                0x0801c2bc                __subdf3
                0x0801c2c0                __aeabi_dadd
                0x0801c2c0                __adddf3
                0x0801c538                __floatunsidf
                0x0801c538                __aeabi_ui2d
                0x0801c558                __floatsidf
                0x0801c558                __aeabi_i2d
                0x0801c57c                __aeabi_f2d
                0x0801c57c                __extendsfdf2
                0x0801c5c0                __floatundidf
                0x0801c5c0                __aeabi_ul2d
                0x0801c5d0                __floatdidf
                0x0801c5d0                __aeabi_l2d
 .text          0x0801c62c      0x424 c:/program files (x86)/gnu arm embedded toolchain/10 2021.10/bin/../lib/gcc/arm-none-eabi/10.3.1/thumb/v7e-m+fp/hard\libgcc.a(_arm_muldivdf3.o)
                0x0801c62c                __aeabi_dmul
                0x0801c62c                __muldf3
                0x0801c880                __divdf3
                0x0801c880                __aeabi_ddiv
 .text          0x0801ca50      0x110 c:/program files (x86)/gnu arm embedded toolchain/10 2021.10/bin/../lib/gcc/arm-none-eabi/10.3.1/thumb/v7e-m+fp/hard\libgcc.a(_arm_cmpdf2.o)
                0x0801ca50                __gtdf2
                0x0801ca50                __gedf2
                0x0801ca58                __ltdf2
                0x0801ca58                __ledf2
                0x0801ca60                __nedf2
                0x0801ca60                __eqdf2
                0x0801ca60                __cmpdf2
                0x0801cadc                __aeabi_cdrcmple
                0x0801caec                __aeabi_cdcmpeq
                0x0801caec                __aeabi_cdcmple
                0x0801cafc                __aeabi_dcmpeq
                0x0801cb10                __aeabi_dcmplt
                0x0801cb24                __aeabi_dcmple
                0x0801cb38                __aeabi_dcmpge
                0x0801cb4c                __aeabi_dcmpgt
 .text          0x0801cb60       0x2c c:/program files (x86)/gnu arm embedded toolchain/10 2021.10/bin/../lib/gcc/arm-none-eabi/10.3.1/thumb/v7e-m+fp/hard\libgcc.a(_arm_unorddf2.o)
                0x0801cb60                __unorddf2
                0x0801cb60                __aeabi_dcmpun
 .text          0x0801cb8c       0x50 c:/program files (x86)/gnu arm embedded toolchain/10 2021.10/bin/../lib/gcc/arm-none-eabi/10.3.1/thumb/v7e-m+fp/hard\libgcc.a(_arm_fixdfsi.o)
                0x0801cb8c                __aeabi_d2iz
                0x0801cb8c                __fixdfsi
 .text          0x0801cbdc       0x40 c:/program files (x86)/gnu arm embedded toolchain/10 2021.10/bin/../lib/gcc/arm-none-eabi/10.3.1/thumb/v7e-m+fp/hard\libgcc.a(_arm_fixunsdfsi.o)
                0x0801cbdc                __aeabi_d2uiz
                0x0801cbdc                __fixunsdfsi
 .text          0x0801cc1c       0xa0 c:/program files (x86)/gnu arm embedded toolchain/10 2021.10/bin/../lib/gcc/arm-none-eabi/10.3.1/thumb/v7e-m+fp/hard\libgcc.a(_aeabi_ldivmod.o)
                0x0801cc1c                __aeabi_ldivmod
 .text          0x0801ccbc       0x30 c:/program files (x86)/gnu arm embedded toolchain/10 2021.10/bin/../lib/gcc/arm-none-eabi/10.3.1/thumb/v7e-m+fp/hard\libgcc.a(_aeabi_uldivmod.o)
                0x0801ccbc                __aeabi_uldivmod
 .text          0x0801ccec      0x2d0 c:/program files (x86)/gnu arm embedded toolchain/10 2021.10/bin/../lib/gcc/arm-none-eabi/10.3.1/thumb/v7e-m+fp/hard\libgcc.a(_udivmoddi4.o)
                0x0801ccec                __udivmoddi4
 .text          0x0801cfbc        0x4 c:/program files (x86)/gnu arm embedded toolchain/10 2021.10/bin/../lib/gcc/arm-none-eabi/10.3.1/thumb/v7e-m+fp/hard\libgcc.a(_dvmd_tls.o)
                0x0801cfbc                __aeabi_idiv0
                0x0801cfbc                __aeabi_ldiv0
 *(.plt)
 *(.gnu.warning)
 *(.glue_7t)
 .glue_7t       0x0801cfc0        0x0 linker stubs
 *(.glue_7)
 .glue_7        0x0801cfc0        0x0 linker stubs
 *(.vfp11_veneer)
 .vfp11_veneer  0x0801cfc0        0x0 linker stubs
 *(.ARM.extab* .gnu.linkonce.armextab.*)
 *(.gcc_except_table)

.v4_bx          0x0801cfc0        0x0
 .v4_bx         0x0801cfc0        0x0 linker stubs

.iplt           0x0801cfc0        0x0
 .iplt          0x0801cfc0        0x0 FLASH_RUN/main.o

.eh_frame_hdr
 *(.eh_frame_hdr)

.eh_frame
 *(.eh_frame)
                0x0801cfc0                __exidx_start = .

.ARM.exidx      0x0801cfc0        0x8
 *(.ARM.exidx* .gnu.linkonce.armexidx.*)
 .ARM.exidx     0x0801cfc0        0x8 c:/program files (x86)/gnu arm embedded toolchain/10 2021.10/bin/../lib/gcc/arm-none-eabi/10.3.1/thumb/v7e-m+fp/hard\libgcc.a(_udivmoddi4.o)
                0x0801cfc8                __exidx_end = .

.rodata         0x0801cfc8    0x2a220
 *(.rodata .rodata.* .gnu.linkonce.r.*)
 .rodata.tick_process.str1.1
                0x0801cfc8       0x59 FLASH_RUN/main.o
 .rodata.main.str1.1
                0x0801d021       0x50 FLASH_RUN/main.o
 .rodata.LCD_Init.str1.1
                0x0801d071       0x1b FLASH_RUN/lcd.o
 .rodata.KS_CODE
                0x0801d08c     0x12c0 FLASH_RUN/lcd.o
                0x0801d08c                KS_CODE
 .rodata.eng_font
                0x0801e34c      0x800 FLASH_RUN/lcd.o
                0x0801e34c                eng_font
 .rodata.han_tbl
                0x0801eb4c       0x60 FLASH_RUN/lcd.o
                0x0801eb4c                han_tbl
 .rodata.kor_font
                0x0801ebac     0x2d00 FLASH_RUN/lcd.o
                0x0801ebac                kor_font
 .rodata.loc1   0x080218ac       0x10 FLASH_RUN/lcd.o
                0x080218ac                loc1
 .rodata.loc2   0x080218bc        0x8 FLASH_RUN/lcd.o
                0x080218bc                loc2
 .rodata.loc3   0x080218c4        0x8 FLASH_RUN/lcd.o
                0x080218c4                loc3
 .rodata.s_bit  0x080218cc        0x8 FLASH_RUN/lcd.o
                0x080218cc                s_bit
 .rodata.__vfprintf.str1.1
                0x080218d4       0x2c FLASH_RUN/print.o
                                 0x33 (size before relaxing)
 .rodata.TP_Adj_Info_Show.str1.1
                0x08021900       0x4d FLASH_RUN/touch_panel.o
 .rodata.TP_Adjust.str1.1
                0x0802194d       0x51 FLASH_RUN/touch_panel.o
 .rodata.ir_process.str1.1
                0x0802199e       0x7e FLASH_RUN/ir_remocon.o
 .rodata.I2S_PSC_TBL
                0x08021a1c       0x6e FLASH_RUN/i2s.o
                0x08021a1c                I2S_PSC_TBL
 .rodata.follow_path.str1.1
                0x08021a8a       0x10 FLASH_RUN/ff.o
 .rodata.LfnOfs
                0x08021a9a        0xd FLASH_RUN/ff.o
 *fill*         0x08021aa7        0x1 
 .rodata.oem2uni
                0x08021aa8    0x10a64 FLASH_RUN/cc949.o
 .rodata.tbl_lower.1
                0x0803250c      0x1e0 FLASH_RUN/cc949.o
 .rodata.tbl_upper.0
                0x080326ec      0x1e0 FLASH_RUN/cc949.o
 .rodata.uni2oem
                0x080328cc    0x10a64 FLASH_RUN/cc949.o
 .rodata._exit.str1.1
                0x08043330       0x20 FLASH_RUN/audio.o
 .rodata._sbrk.str1.1
                0x08043350       0x1a FLASH_RUN/audio.o
 .rodata.audio_file_list.str1.1
                0x0804336a       0x32 FLASH_RUN/audio.o
                                 0x59 (size before relaxing)
 .rodata.find_music.str1.1
                0x0804339c       0x10 FLASH_RUN/audio.o
 .rodata.audio_init.str1.1
                0x080433ac       0x23 FLASH_RUN/audio.o
 .rodata.music_start.str1.1
                0x080433cf       0x4b FLASH_RUN/audio.o
 .rodata.audio_process.str1.1
                0x0804341a       0x17 FLASH_RUN/audio.o
                                 0x24 (size before relaxing)
 .rodata.str1.1
                0x08043431       0x11 FLASH_RUN/audio.o
 .rodata.mp3_id3v1_decode.str1.1
                0x08043442        0x4 FLASH_RUN/mp3play.o
 .rodata.mp3_id3v2_decode.str1.1
                0x08043446       0x2f FLASH_RUN/mp3play.o
 .rodata.mp3_get_info.str1.1
                0x08043475        0xf FLASH_RUN/mp3play.o
 .rodata.mp3_play_song.str1.1
                0x08043484       0x16 FLASH_RUN/mp3play.o
                                 0x23 (size before relaxing)
 .rodata.mp3_play.str1.1
                0x0804349a       0x2b FLASH_RUN/mp3play.o
 .rodata.wav_decode_init.str1.1
                0x080434c5       0x81 FLASH_RUN/wavplay.o
                                 0x98 (size before relaxing)
 .rodata.wave_play.str1.1
                0x08043546       0x19 FLASH_RUN/wavplay.o
 .rodata.flac_init.str1.1
                0x08043546        0x5 FLASH_RUN/flacplay.o
 .rodata.flac_play_song.str1.1
                0x0804354b       0x96 FLASH_RUN/flacplay.o
                                 0xbd (size before relaxing)
 .rodata.flac_play.str1.1
                0x080435e1       0x15 FLASH_RUN/flacplay.o
                                 0x2e (size before relaxing)
 .rodata.ape_play_song.str1.1
                0x080435f6       0x35 FLASH_RUN/apeplay.o
                                 0x81 (size before relaxing)
 .rodata.ape_play.str1.1
                0x0804362b       0x29 FLASH_RUN/apeplay.o
                                 0x42 (size before relaxing)
 .rodata.xmp3_bitrateTab
                0x08043654      0x10e source/audio_codec/mp3/mp3.a(mp3tabs.o)
                0x08043654                xmp3_bitrateTab
 *fill*         0x08043762        0x2 
 .rodata.xmp3_samplerateTab
                0x08043764       0x24 source/audio_codec/mp3/mp3.a(mp3tabs.o)
                0x08043764                xmp3_samplerateTab
 .rodata.xmp3_samplesPerFrameTab
                0x08043788       0x12 source/audio_codec/mp3/mp3.a(mp3tabs.o)
                0x08043788                xmp3_samplesPerFrameTab
 .rodata.xmp3_sfBandTable
                0x0804379a      0x29a source/audio_codec/mp3/mp3.a(mp3tabs.o)
                0x0804379a                xmp3_sfBandTable
 .rodata.xmp3_sideBytesTab
                0x08043a34        0xc source/audio_codec/mp3/mp3.a(mp3tabs.o)
                0x08043a34                xmp3_sideBytesTab
 .rodata.xmp3_slotTab
                0x08043a40      0x10e source/audio_codec/mp3/mp3.a(mp3tabs.o)
                0x08043a40                xmp3_slotTab
 .rodata.NRTab  0x08043b4e       0x48 source/audio_codec/mp3/mp3.a(scalfact.o)
 .rodata.SFLenTab
                0x08043b96       0x20 source/audio_codec/mp3/mp3.a(scalfact.o)
 *fill*         0x08043bb6        0x2 
 .rodata.xmp3_ISFIIP
                0x08043bb8       0x10 source/audio_codec/mp3/mp3.a(trigtabs.o)
                0x08043bb8                xmp3_ISFIIP
 .rodata.xmp3_ISFMpeg1
                0x08043bc8       0x38 source/audio_codec/mp3/mp3.a(trigtabs.o)
                0x08043bc8                xmp3_ISFMpeg1
 .rodata.xmp3_ISFMpeg2
                0x08043c00      0x100 source/audio_codec/mp3/mp3.a(trigtabs.o)
                0x08043c00                xmp3_ISFMpeg2
 .rodata.xmp3_csa
                0x08043d00       0x40 source/audio_codec/mp3/mp3.a(trigtabs.o)
                0x08043d00                xmp3_csa
 .rodata.xmp3_imdctWin
                0x08043d40      0x240 source/audio_codec/mp3/mp3.a(trigtabs.o)
                0x08043d40                xmp3_imdctWin
 .rodata.xmp3_polyCoef
                0x08043f80      0x420 source/audio_codec/mp3/mp3.a(trigtabs.o)
                0x08043f80                xmp3_polyCoef
 .rodata.dcttab
                0x080443a0       0xc0 source/audio_codec/mp3/mp3.a(dct32.o)
 .rodata.poly43hi
                0x08044460       0x14 source/audio_codec/mp3/mp3.a(dqchan.o)
 .rodata.poly43lo
                0x08044474       0x14 source/audio_codec/mp3/mp3.a(dqchan.o)
 .rodata.pow14  0x08044488       0x10 source/audio_codec/mp3/mp3.a(dqchan.o)
 .rodata.pow2exp
                0x08044498       0x20 source/audio_codec/mp3/mp3.a(dqchan.o)
 .rodata.pow2frac
                0x080444b8       0x20 source/audio_codec/mp3/mp3.a(dqchan.o)
 .rodata.pow43  0x080444d8       0xc0 source/audio_codec/mp3/mp3.a(dqchan.o)
 .rodata.pow43_14
                0x08044598      0x100 source/audio_codec/mp3/mp3.a(dqchan.o)
 .rodata.preTab
                0x08044698       0x16 source/audio_codec/mp3/mp3.a(dqchan.o)
 *fill*         0x080446ae        0x2 
 .rodata.xmp3_huffTabLookup
                0x080446b0      0x100 source/audio_codec/mp3/mp3.a(hufftabs.o)
                0x080446b0                xmp3_huffTabLookup
 .rodata.xmp3_huffTabOffset
                0x080447b0       0x80 source/audio_codec/mp3/mp3.a(hufftabs.o)
                0x080447b0                xmp3_huffTabOffset
 .rodata.xmp3_huffTable
                0x08044830     0x2124 source/audio_codec/mp3/mp3.a(hufftabs.o)
                0x08044830                xmp3_huffTable
 .rodata.xmp3_quadTabMaxBits
                0x08046954        0x8 source/audio_codec/mp3/mp3.a(hufftabs.o)
                0x08046954                xmp3_quadTabMaxBits
 .rodata.xmp3_quadTabOffset
                0x0804695c        0x8 source/audio_codec/mp3/mp3.a(hufftabs.o)
                0x0804695c                xmp3_quadTabOffset
 .rodata.xmp3_quadTable
                0x08046964       0x50 source/audio_codec/mp3/mp3.a(hufftabs.o)
                0x08046964                xmp3_quadTable
 .rodata.c18    0x080469b4       0x24 source/audio_codec/mp3/mp3.a(imdct.o)
 .rodata.fastWin36
                0x080469d8       0x48 source/audio_codec/mp3/mp3.a(imdct.o)
 .rodata.blocksize_table
                0x08046a20       0x40 source/audio_codec/flac/flac.a(flacdecoder.o)
 .rodata.sample_rate_table
                0x08046a60       0x40 source/audio_codec/flac/flac.a(flacdecoder.o)
 .rodata.sample_size_table
                0x08046aa0       0x20 source/audio_codec/flac/flac.a(flacdecoder.o)
 .rodata.table_crc8
                0x08046ac0      0x100 source/audio_codec/flac/flac.a(flacdecoder.o)
 .rodata.ff_log2_tab
                0x08046bc0      0x100 source/audio_codec/flac/flac.a(tables.o)
                0x08046bc0                ff_log2_tab
 .rodata.counts_3970
                0x08046cc0      0x104 source/audio_codec/ape/ape.a(entropy.o)
 .rodata.counts_3980
                0x08046dc4      0x104 source/audio_codec/ape/ape.a(entropy.o)
 .rodata.counts_diff_3970
                0x08046ec8      0x100 source/audio_codec/ape/ape.a(entropy.o)
 .rodata.counts_diff_3980
                0x08046fc8      0x100 source/audio_codec/ape/ape.a(entropy.o)
 .rodata.ape_parseheaderbuf.str1.1
                0x080470c8        0x5 source/audio_codec/ape/ape.a(parser.o)
 *fill*         0x080470cd        0x3 
 .rodata.initial_coeffs
                0x080470d0       0x10 source/audio_codec/ape/ape.a(predictor.o)
 .rodata._ctype_
                0x080470e0      0x101 c:/program files (x86)/gnu arm embedded toolchain/10 2021.10/bin/../lib/gcc/arm-none-eabi/10.3.1/../../../../arm-none-eabi/lib/thumb/v7e-m+fp/hard\libc.a(lib_a-ctype_.o)
                0x080470e0                _ctype_
                0x080471e4                . = ALIGN (0x4)
 *fill*         0x080471e1        0x3 
 *(.init)
                0x080471e4                . = ALIGN (0x4)
                0x080471e4                __preinit_array_start = .
 *(.preinit_array)
                0x080471e4                __preinit_array_end = .
                0x080471e4                . = ALIGN (0x4)
                0x080471e4                __init_array_start = .
 *(SORT_BY_NAME(.init_array.*))
 *(.init_array)
                0x080471e4                __init_array_end = .
                0x080471e4                . = ALIGN (0x4)
 *(.fini)
                0x080471e4                . = ALIGN (0x4)
                0x080471e4                __fini_array_start = .
 *(.fini_array)
 *(SORT_BY_NAME(.fini_array.*))